 Attitude_Control_System_of_Flying_Vehicle_sfun

 Timestamp is 5c25cf58 (Fri Dec 28 15:23:04 2018)

 Preferred load address is 0000000180000000

 Start         Length     Name                   Class
 0001:00000000 0000f397H .text$mn                CODE
 0001:0000f3a0 00000012H .text$mn$00             CODE
 0001:0000f3b2 00000081H .text$x                 CODE
 0002:00000000 000004b8H .idata$5                DATA
 0002:000004b8 00000010H .00cfg                  DATA
 0002:000004c8 00000008H .CRT$XCA                DATA
 0002:000004d0 00000008H .CRT$XCZ                DATA
 0002:000004d8 00000008H .CRT$XIA                DATA
 0002:000004e0 00000008H .CRT$XIZ                DATA
 0002:000004e8 00000008H .CRT$XPA                DATA
 0002:000004f0 00000008H .CRT$XPZ                DATA
 0002:000004f8 00000008H .CRT$XTA                DATA
 0002:00000500 00000008H .CRT$XTZ                DATA
 0002:00000508 00000000H .gfids$x                DATA
 0002:00000510 00000824H .rdata                  DATA
 0002:00000d34 00000218H .rdata$zzzdbg           DATA
 0002:00000f50 00000008H .rtc$IAA                DATA
 0002:00000f58 00000008H .rtc$IZZ                DATA
 0002:00000f60 00000008H .rtc$TAA                DATA
 0002:00000f68 00000008H .rtc$TZZ                DATA
 0002:00000f70 0000087cH .xdata                  DATA
 0002:000017f0 00000074H .edata                  DATA
 0002:00001864 000000dcH .idata$2                DATA
 0002:00001940 00000014H .idata$3                DATA
 0002:00001958 000004b8H .idata$4                DATA
 0002:00001e10 00000e1aH .idata$6                DATA
 0003:00000000 00001d94H .data                   DATA
 0003:00001da0 00000700H .bss                    DATA
 0004:00000000 00000a08H .pdata                  DATA

  Address         Publics by Value              Rva+Base               Lib:Object

 0000:00000000       __guard_fids_table         0000000000000000     <absolute>
 0000:00000000       ___safe_se_handler_count   0000000000000000     <absolute>
 0000:00000000       __guard_fids_count         0000000000000000     <absolute>
 0000:00000000       ___safe_se_handler_table   0000000000000000     <absolute>
 0000:00000100       __guard_flags              0000000000000100     <absolute>
 0000:00000000       __ImageBase                0000000180000000     <linker-defined>
 0001:00000000       Attitude_Control_System_of_Flying_Vehicle_initializer 0000000180001000 f   Attitude_Control_System_of_Flying_Vehicle_sfun.obj
 0001:00000010       Attitude_Control_System_of_Flying_Vehicle_terminator 0000000180001010 f   Attitude_Control_System_of_Flying_Vehicle_sfun.obj
 0001:00000020       load_Attitude_Control_System_of_Flying_Vehicle_optimization_info 0000000180001020 f   Attitude_Control_System_of_Flying_Vehicle_sfun.obj
 0001:000000d0       unload_Attitude_Control_System_of_Flying_Vehicle_optimization_info 00000001800010d0 f   Attitude_Control_System_of_Flying_Vehicle_sfun.obj
 0001:00000100       sf_Attitude_Control_System_of_Flying_Vehicle_method_dispatcher 0000000180001100 f   Attitude_Control_System_of_Flying_Vehicle_sfun.obj
 0001:00000150       sf_Attitude_Control_System_of_Flying_Vehicle_process_check_sum_call 0000000180001150 f   Attitude_Control_System_of_Flying_Vehicle_sfun.obj
 0001:00000640       sf_Attitude_Control_System_of_Flying_Vehicle_autoinheritance_info 0000000180001640 f   Attitude_Control_System_of_Flying_Vehicle_sfun.obj
 0001:00000820       sf_Attitude_Control_System_of_Flying_Vehicle_get_eml_resolved_functions_info 0000000180001820 f   Attitude_Control_System_of_Flying_Vehicle_sfun.obj
 0001:000009a0       sf_Attitude_Control_System_of_Flying_Vehicle_third_party_uses_info 00000001800019a0 f   Attitude_Control_System_of_Flying_Vehicle_sfun.obj
 0001:00000b70       sf_Attitude_Control_System_of_Flying_Vehicle_jit_fallback_info 0000000180001b70 f   Attitude_Control_System_of_Flying_Vehicle_sfun.obj
 0001:00000d40       sf_Attitude_Control_System_of_Flying_Vehicle_updateBuildInfo_args_info 0000000180001d40 f   Attitude_Control_System_of_Flying_Vehicle_sfun.obj
 0001:00000f10       Attitude_Control_System_of_Flying_Vehicle_debug_initialize 0000000180001f10 f   Attitude_Control_System_of_Flying_Vehicle_sfun.obj
 0001:00000f90       Attitude_Control_System_of_Flying_Vehicle_register_exported_symbols 0000000180001f90 f   Attitude_Control_System_of_Flying_Vehicle_sfun.obj
 0001:00000fa0       sf_c2_Attitude_Control_System_of_Flying_Vehicle_get_eml_resolved_functions_info 0000000180001fa0 f   c2_Attitude_Control_System_of_Flying_Vehicle.obj
 0001:00001020       sf_c2_Attitude_Control_System_of_Flying_Vehicle_get_check_sum 0000000180002020 f   c2_Attitude_Control_System_of_Flying_Vehicle.obj
 0001:000010f0       c2_Attitude_Control_System_of_Flying_Vehicle_method_dispatcher 00000001800020f0 f   c2_Attitude_Control_System_of_Flying_Vehicle.obj
 0001:000045f0       sf_c2_Attitude_Control_System_of_Flying_Vehicle_get_post_codegen_info 00000001800055f0 f   c2_Attitude_Control_System_of_Flying_Vehicle.obj
 0001:000046c0       sf_c2_Attitude_Control_System_of_Flying_Vehicle_get_autoinheritance_info 00000001800056c0 f   c2_Attitude_Control_System_of_Flying_Vehicle.obj
 0001:00005290       sf_c2_Attitude_Control_System_of_Flying_Vehicle_third_party_uses_info 0000000180006290 f   c2_Attitude_Control_System_of_Flying_Vehicle.obj
 0001:000052c0       sf_c2_Attitude_Control_System_of_Flying_Vehicle_jit_fallback_info 00000001800062c0 f   c2_Attitude_Control_System_of_Flying_Vehicle.obj
 0001:00005450       sf_c2_Attitude_Control_System_of_Flying_Vehicle_updateBuildInfo_args_info 0000000180006450 f   c2_Attitude_Control_System_of_Flying_Vehicle.obj
 0001:000061b0       mexFunction                00000001800071b0 f   Attitude_Control_System_of_Flying_Vehicle_sfun_registry.obj
 0001:00007580       _ssSetInputPortDirectFeedThroughFcn 0000000180008580 f   Attitude_Control_System_of_Flying_Vehicle_sfun_registry.obj
 0001:00007730       _ssGetInputPortSignalPtrsFcn 0000000180008730 f   Attitude_Control_System_of_Flying_Vehicle_sfun_registry.obj
 0001:00007b80       _ssGetInputPortSignalFcn   0000000180008b80 f   Attitude_Control_System_of_Flying_Vehicle_sfun_registry.obj
 0001:00007fd0       _ssSetInputPortReusableFcn 0000000180008fd0 f   Attitude_Control_System_of_Flying_Vehicle_sfun_registry.obj
 0001:000080b0       _ssSetOutputPortReusableFcn 00000001800090b0 f   Attitude_Control_System_of_Flying_Vehicle_sfun_registry.obj
 0001:00008190       _ssSetSymbolicDimsSupport  0000000180009190 f   Attitude_Control_System_of_Flying_Vehicle_sfun_registry.obj
 0001:00008200       _ssRegisterSymbolicDimsExpr 0000000180009200 f   Attitude_Control_System_of_Flying_Vehicle_sfun_registry.obj
 0001:00008280       _ssRegisterSymbolicDims    0000000180009280 f   Attitude_Control_System_of_Flying_Vehicle_sfun_registry.obj
 0001:00008320       _ssRegisterSymbolicDimsString 0000000180009320 f   Attitude_Control_System_of_Flying_Vehicle_sfun_registry.obj
 0001:000083a0       _ssRegisterSymbolicDimsIntValue 00000001800093a0 f   Attitude_Control_System_of_Flying_Vehicle_sfun_registry.obj
 0001:00008410       _ssRegisterSymbolicDimsPlus 0000000180009410 f   Attitude_Control_System_of_Flying_Vehicle_sfun_registry.obj
 0001:00008490       _ssRegisterSymbolicDimsMinus 0000000180009490 f   Attitude_Control_System_of_Flying_Vehicle_sfun_registry.obj
 0001:00008510       _ssRegisterSymbolicDimsMultiply 0000000180009510 f   Attitude_Control_System_of_Flying_Vehicle_sfun_registry.obj
 0001:00008590       _ssRegisterSymbolicDimsDivide 0000000180009590 f   Attitude_Control_System_of_Flying_Vehicle_sfun_registry.obj
 0001:00008610       _ssGetNumSymbolicDims      0000000180009610 f   Attitude_Control_System_of_Flying_Vehicle_sfun_registry.obj
 0001:00008680       _ssGetSymbolicDim          0000000180009680 f   Attitude_Control_System_of_Flying_Vehicle_sfun_registry.obj
 0001:00008700       _ssSetInputPortSymbolicDimsId 0000000180009700 f   Attitude_Control_System_of_Flying_Vehicle_sfun_registry.obj
 0001:00008770       _ssGetCompInputPortSymbolicDimsId 0000000180009770 f   Attitude_Control_System_of_Flying_Vehicle_sfun_registry.obj
 0001:000087e0       _ssSetCompInputPortSymbolicDimsId 00000001800097e0 f   Attitude_Control_System_of_Flying_Vehicle_sfun_registry.obj
 0001:00008850       _ssSetOutputPortSymbolicDimsId 0000000180009850 f   Attitude_Control_System_of_Flying_Vehicle_sfun_registry.obj
 0001:000088c0       _ssGetCompOutputPortSymbolicDimsId 00000001800098c0 f   Attitude_Control_System_of_Flying_Vehicle_sfun_registry.obj
 0001:00008930       _ssSetCompOutputPortSymbolicDimsId 0000000180009930 f   Attitude_Control_System_of_Flying_Vehicle_sfun_registry.obj
 0001:000089a0       _ssSetCompDWorkSymbolicDimsId 00000001800099a0 f   Attitude_Control_System_of_Flying_Vehicle_sfun_registry.obj
 0001:00008a10       ssGetIsZeroCrossControlDisabled 0000000180009a10 f   Attitude_Control_System_of_Flying_Vehicle_sfun_registry.obj
 0001:00008a80       ssSetIsInputPortUsedForContZcSignal 0000000180009a80 f   Attitude_Control_System_of_Flying_Vehicle_sfun_registry.obj
 0001:00008af0       ssSetZcSignalIsZcElementDisc 0000000180009af0 f   Attitude_Control_System_of_Flying_Vehicle_sfun_registry.obj
 0001:00008ba0       ssSetZcSignalName          0000000180009ba0 f   Attitude_Control_System_of_Flying_Vehicle_sfun_registry.obj
 0001:00008c10       ssSetZcSignalWidth         0000000180009c10 f   Attitude_Control_System_of_Flying_Vehicle_sfun_registry.obj
 0001:00008c80       ssSetZcSignalZcEventType   0000000180009c80 f   Attitude_Control_System_of_Flying_Vehicle_sfun_registry.obj
 0001:00008cf0       ssSetZcSignalType          0000000180009cf0 f   Attitude_Control_System_of_Flying_Vehicle_sfun_registry.obj
 0001:00008d60       ssSetZcSignalZcTol         0000000180009d60 f   Attitude_Control_System_of_Flying_Vehicle_sfun_registry.obj
 0001:00008dd0       ssSetZcSignalNeedsEventNotification 0000000180009dd0 f   Attitude_Control_System_of_Flying_Vehicle_sfun_registry.obj
 0001:00008e40       ssCreateAndAddZcSignalInfo 0000000180009e40 f   Attitude_Control_System_of_Flying_Vehicle_sfun_registry.obj
 0001:00008eb0       ssCloneAndAddZcSignalInfo  0000000180009eb0 f   Attitude_Control_System_of_Flying_Vehicle_sfun_registry.obj
 0001:00008f20       ssGetNumZcSignals          0000000180009f20 f   Attitude_Control_System_of_Flying_Vehicle_sfun_registry.obj
 0001:00008f90       ssGetZcSignalVector        0000000180009f90 f   Attitude_Control_System_of_Flying_Vehicle_sfun_registry.obj
 0001:00009000       ssGetZcSignalName          000000018000a000 f   Attitude_Control_System_of_Flying_Vehicle_sfun_registry.obj
 0001:00009070       ssGetZcSignalWidth         000000018000a070 f   Attitude_Control_System_of_Flying_Vehicle_sfun_registry.obj
 0001:000090e0       ssGetZcSignalZcEventType   000000018000a0e0 f   Attitude_Control_System_of_Flying_Vehicle_sfun_registry.obj
 0001:00009150       ssGetZcSignalZcEvents      000000018000a150 f   Attitude_Control_System_of_Flying_Vehicle_sfun_registry.obj
 0001:000091c0       ssGetZcSignalType          000000018000a1c0 f   Attitude_Control_System_of_Flying_Vehicle_sfun_registry.obj
 0001:00009230       ssGetZcSignalZcTol         000000018000a230 f   Attitude_Control_System_of_Flying_Vehicle_sfun_registry.obj
 0001:000092b0       ssGetZcSignalNeedsEventNotification 000000018000a2b0 f   Attitude_Control_System_of_Flying_Vehicle_sfun_registry.obj
 0001:00009320       ssGetZcSignalIsZcElementDisc 000000018000a320 f   Attitude_Control_System_of_Flying_Vehicle_sfun_registry.obj
 0001:000093c0       ssGetIsInputPortElementContinuous 000000018000a3c0 f   Attitude_Control_System_of_Flying_Vehicle_sfun_registry.obj
 0001:00009460       ssGetDTypeIdFromMxArray    000000018000a460 f   Attitude_Control_System_of_Flying_Vehicle_sfun_registry.obj
 0001:00009580       ssWriteRTWStr              000000018000a580 f   Attitude_Control_System_of_Flying_Vehicle_sfun_registry.obj
 0001:000095e0       ssWriteRTWNameValuePair    000000018000a5e0 f   Attitude_Control_System_of_Flying_Vehicle_sfun_registry.obj
 0001:00009ae0       ssWriteRTWParamSettings    000000018000aae0 f   Attitude_Control_System_of_Flying_Vehicle_sfun_registry.obj
 0001:0000a1d0       ssWriteRTWParameters       000000018000b1d0 f   Attitude_Control_System_of_Flying_Vehicle_sfun_registry.obj
 0001:0000a790       ssWriteRTWWorkVect         000000018000b790 f   Attitude_Control_System_of_Flying_Vehicle_sfun_registry.obj
 0001:0000ac80       ssWriteRTWMxVectParam      000000018000bc80 f   Attitude_Control_System_of_Flying_Vehicle_sfun_registry.obj
 0001:0000ad00       ssWriteRTWMx2dMatParam     000000018000bd00 f   Attitude_Control_System_of_Flying_Vehicle_sfun_registry.obj
 0001:0000ad90       _ssSetInputPortMatrixDimensions 000000018000bd90 f   Attitude_Control_System_of_Flying_Vehicle_sfun_registry.obj
 0001:0000aeb0       _ssSetOutputPortMatrixDimensions 000000018000beb0 f   Attitude_Control_System_of_Flying_Vehicle_sfun_registry.obj
 0001:0000afd0       _ssSetInputPortVectorDimension 000000018000bfd0 f   Attitude_Control_System_of_Flying_Vehicle_sfun_registry.obj
 0001:0000b080       _ssSetOutputPortVectorDimension 000000018000c080 f   Attitude_Control_System_of_Flying_Vehicle_sfun_registry.obj
 0001:0000b130       ssIsRunTimeParamTunable    000000018000c130 f   Attitude_Control_System_of_Flying_Vehicle_sfun_registry.obj
 0001:0000b1a0       ssGetSFuncBlockHandle      000000018000c1a0 f   Attitude_Control_System_of_Flying_Vehicle_sfun_registry.obj
 0001:0000b210       _ssGetCurrentInputPortWidth 000000018000c210 f   Attitude_Control_System_of_Flying_Vehicle_sfun_registry.obj
 0001:0000b330       _ssGetCurrentOutputPortWidth 000000018000c330 f   Attitude_Control_System_of_Flying_Vehicle_sfun_registry.obj
 0001:0000b450       _ssGetCallSystemNumFcnCallDestinations 000000018000c450 f   Attitude_Control_System_of_Flying_Vehicle_sfun_registry.obj
 0001:0000b4c0       ssGetParameterTuningCompliance 000000018000c4c0 f   Attitude_Control_System_of_Flying_Vehicle_sfun_registry.obj
 0001:0000b530       ssWarning                  000000018000c530 f   Attitude_Control_System_of_Flying_Vehicle_sfun_registry.obj
 0001:0000b620       _ssGetAbsTol               000000018000c620 f   Attitude_Control_System_of_Flying_Vehicle_sfun_registry.obj
 0001:0000b690       _ssSetStateAbsTol          000000018000c690 f   Attitude_Control_System_of_Flying_Vehicle_sfun_registry.obj
 0001:0000b770       sf_process_check_sum_call  000000018000c770 f   Attitude_Control_System_of_Flying_Vehicle_sfun_registry.obj
 0001:0000b7c0       sf_process_autoinheritance_call 000000018000c7c0 f   Attitude_Control_System_of_Flying_Vehicle_sfun_registry.obj
 0001:0000b9f0       sf_process_get_third_party_uses_info_call 000000018000c9f0 f   Attitude_Control_System_of_Flying_Vehicle_sfun_registry.obj
 0001:0000bc20       sf_process_get_jit_fallback_info_call 000000018000cc20 f   Attitude_Control_System_of_Flying_Vehicle_sfun_registry.obj
 0001:0000be50       sf_process_get_updateBuildInfo_args_info_call 000000018000ce50 f   Attitude_Control_System_of_Flying_Vehicle_sfun_registry.obj
 0001:0000c080       sf_process_get_eml_resolved_functions_info_call 000000018000d080 f   Attitude_Control_System_of_Flying_Vehicle_sfun_registry.obj
 0001:0000c280       sf_mex_unlock_call         000000018000d280 f   Attitude_Control_System_of_Flying_Vehicle_sfun_registry.obj
 0001:0000c520       sf_machine_global_initializer_called 000000018000d520 f   Attitude_Control_System_of_Flying_Vehicle_sfun_registry.obj
 0001:0000c550       sf_machine_global_method_dispatcher 000000018000d550 f   Attitude_Control_System_of_Flying_Vehicle_sfun_registry.obj
 0001:0000c5b0       sf_machine_global_terminator 000000018000d5b0 f   Attitude_Control_System_of_Flying_Vehicle_sfun_registry.obj
 0001:0000c600       sf_register_machine_exported_symbols 000000018000d600 f   Attitude_Control_System_of_Flying_Vehicle_sfun_registry.obj
 0001:0000c620       callCustomFcn              000000018000d620 f   Attitude_Control_System_of_Flying_Vehicle_sfun_registry.obj
 0001:0000c630       sf_machine_global_initializer 000000018000d630 f   Attitude_Control_System_of_Flying_Vehicle_sfun_registry.obj
 0001:0000c6b0       mdlGetSimState             000000018000d6b0 f   Attitude_Control_System_of_Flying_Vehicle_sfun_registry.obj
 0001:0000c6f0       mdlSetSimState             000000018000d6f0 f   Attitude_Control_System_of_Flying_Vehicle_sfun_registry.obj
 0001:0000cf60       ProcessMexSfunctionEveryCall 000000018000df60 f   Attitude_Control_System_of_Flying_Vehicle_sfun_registry.obj
 0001:0000dc60       __local_stdio_printf_options 000000018000ec60 f i Attitude_Control_System_of_Flying_Vehicle_sfun_registry.obj
 0001:0000dc70       _vsnprintf_l               000000018000ec70 f i Attitude_Control_System_of_Flying_Vehicle_sfun_registry.obj
 0001:0000dcf0       _vsprintf_l                000000018000ecf0 f i Attitude_Control_System_of_Flying_Vehicle_sfun_registry.obj
 0001:0000dd40       sprintf                    000000018000ed40 f i Attitude_Control_System_of_Flying_Vehicle_sfun_registry.obj
 0001:0000dd90       sf_load_rtw_optimization_info 000000018000ed90 f   sf_runtime:sf_runtime.dll
 0001:0000dd96       sf_debug_initialize_machine 000000018000ed96 f   sf_runtime:sf_runtime.dll
 0001:0000dd9c       sf_debug_set_machine_event_thresholds 000000018000ed9c f   sf_runtime:sf_runtime.dll
 0001:0000dda2       sf_debug_set_machine_data_thresholds 000000018000eda2 f   sf_runtime:sf_runtime.dll
 0001:0000dda8       sf_init_ChartRunTimeInfo   000000018000eda8 f   sf_runtime:sf_runtime.dll
 0001:0000ddae       sf_free_ChartRunTimeInfo   000000018000edae f   sf_runtime:sf_runtime.dll
 0001:0000ddb4       sf_get_chart_instance_ptr  000000018000edb4 f   sf_runtime:sf_runtime.dll
 0001:0000ddba       sf_rtw_info_uint_prop      000000018000edba f   sf_runtime:sf_runtime.dll
 0001:0000ddc0       sf_update_buildInfo        000000018000edc0 f   sf_runtime:sf_runtime.dll
 0001:0000ddc6       sf_is_chart_inlinable      000000018000edc6 f   sf_runtime:sf_runtime.dll
 0001:0000ddcc       sf_mark_chart_reusable_outputs 000000018000edcc f   sf_runtime:sf_runtime.dll
 0001:0000ddd2       sf_mark_chart_expressionable_inputs 000000018000edd2 f   sf_runtime:sf_runtime.dll
 0001:0000ddd8       sim_mode_is_rtw_gen        000000018000edd8 f   sf_runtime:sf_runtime.dll
 0001:0000ddde       sim_mode_is_external       000000018000edde f   sf_runtime:sf_runtime.dll
 0001:0000dde4       sim_mode_is_modelref_sim   000000018000ede4 f   sf_runtime:sf_runtime.dll
 0001:0000ddea       sf_clear_rtw_identifier    000000018000edea f   sf_runtime:sf_runtime.dll
 0001:0000ddf0       sf_set_rtw_dwork_info      000000018000edf0 f   sf_runtime:sf_runtime.dll
 0001:0000ddf6       sf_get_time                000000018000edf6 f   sf_runtime:sf_runtime.dll
 0001:0000ddfc       sf_is_first_init_cond      000000018000edfc f   sf_runtime:sf_runtime.dll
 0001:0000de02       sf_set_chart_accesses_machine_info 000000018000ee02 f   sf_runtime:sf_runtime.dll
 0001:0000de08       sf_register_codegen_names_for_scoped_functions_defined_by_chart 000000018000ee08 f   sf_runtime:sf_runtime.dll
 0001:0000de0e       sf_mex_error_message       000000018000ee0e f   sf_runtime:sf_runtime.dll
 0001:0000de14       sf_mex_create              000000018000ee14 f   sf_runtime:sf_runtime.dll
 0001:0000de1a       sf_mex_createcellmatrix    000000018000ee1a f   sf_runtime:sf_runtime.dll
 0001:0000de20       sf_mex_setcell             000000018000ee20 f   sf_runtime:sf_runtime.dll
 0001:0000de26       sf_mex_getcell             000000018000ee26 f   sf_runtime:sf_runtime.dll
 0001:0000de2c       sf_mex_assign              000000018000ee2c f   sf_runtime:sf_runtime.dll
 0001:0000de32       sf_mex_dup                 000000018000ee32 f   sf_runtime:sf_runtime.dll
 0001:0000de38       sf_mex_destroy             000000018000ee38 f   sf_runtime:sf_runtime.dll
 0001:0000de3e       sf_mex_import              000000018000ee3e f   sf_runtime:sf_runtime.dll
 0001:0000de44       sf_mex_decode_encoded_mx_struct_array 000000018000ee44 f   sf_runtime:sf_runtime.dll
 0001:0000de4a       ssGetInputPortSignal_wrapper 000000018000ee4a f   sf_runtime:sf_runtime.dll
 0001:0000de50       ssGetOutputPortSignal_wrapper 000000018000ee50 f   sf_runtime:sf_runtime.dll
 0001:0000de56       sf_debug_initialize_chart  000000018000ee56 f   sf_runtime:sf_runtime.dll
 0001:0000de5c       sf_debug_call              000000018000ee5c f   sf_runtime:sf_runtime.dll
 0001:0000de62       eml_debug_line_call        000000018000ee62 f   sf_runtime:sf_runtime.dll
 0001:0000de68       cv_eml_eval                000000018000ee68 f   sf_runtime:sf_runtime.dll
 0001:0000de6e       cv_eml_init_script         000000018000ee6e f   sf_runtime:sf_runtime.dll
 0001:0000de74       cv_eml_init_fcn            000000018000ee74 f   sf_runtime:sf_runtime.dll
 0001:0000de7a       sf_debug_reset_current_state_configuration 000000018000ee7a f   sf_runtime:sf_runtime.dll
 0001:0000de80       sf_debug_check_for_state_inconsistency 000000018000ee80 f   sf_runtime:sf_runtime.dll
 0001:0000de86       sf_debug_set_chart_data_props 000000018000ee86 f   sf_runtime:sf_runtime.dll
 0001:0000de8c       sf_debug_set_chart_data_compiled_props 000000018000ee8c f   sf_runtime:sf_runtime.dll
 0001:0000de92       sf_debug_symbol_scope_push 000000018000ee92 f   sf_runtime:sf_runtime.dll
 0001:0000de98       sf_debug_symbol_scope_push_eml 000000018000ee98 f   sf_runtime:sf_runtime.dll
 0001:0000de9e       sf_debug_symbol_scope_pop  000000018000ee9e f   sf_runtime:sf_runtime.dll
 0001:0000dea4       sf_debug_symbol_scope_add_eml 000000018000eea4 f   sf_runtime:sf_runtime.dll
 0001:0000deaa       sf_debug_symbol_scope_add_eml_importable 000000018000eeaa f   sf_runtime:sf_runtime.dll
 0001:0000deb0       sf_debug_set_instance_data_value_ptr 000000018000eeb0 f   sf_runtime:sf_runtime.dll
 0001:0000deb6       sf_debug_set_chart_disable_implicit_casting 000000018000eeb6 f   sf_runtime:sf_runtime.dll
 0001:0000debc       sf_debug_set_chart_event_thresholds 000000018000eebc f   sf_runtime:sf_runtime.dll
 0001:0000dec2       sf_debug_set_chart_state_info 000000018000eec2 f   sf_runtime:sf_runtime.dll
 0001:0000dec8       sf_debug_set_chart_decomposition 000000018000eec8 f   sf_runtime:sf_runtime.dll
 0001:0000dece       sf_debug_set_chart_substate_count 000000018000eece f   sf_runtime:sf_runtime.dll
 0001:0000ded4       sf_debug_data_range_wrapper 000000018000eed4 f   sf_runtime:sf_runtime.dll
 0001:0000deda       sf_debug_cv_init_trans     000000018000eeda f   sf_runtime:sf_runtime.dll
 0001:0000dee0       sf_debug_cv_init_chart     000000018000eee0 f   sf_runtime:sf_runtime.dll
 0001:0000dee6       sf_debug_cv_init_state     000000018000eee6 f   sf_runtime:sf_runtime.dll
 0001:0000deec       sf_get_ChartInfoStruct_CodeGen 000000018000eeec f   sf_runtime:sf_runtime.dll
 0001:0000def2       sf_get_isEnhancedMooreMachine 000000018000eef2 f   sf_runtime:sf_runtime.dll
 0001:0000def8       sf_set_compiledInfo        000000018000eef8 f   sf_runtime:sf_runtime.dll
 0001:0000defe       callMdlMethodAndReportError 000000018000eefe f   sf_runtime:sf_runtime.dll
 0001:0000df04       call_sf_machine_global_method_dispatcher 000000018000ef04 f   sf_runtime:sf_runtime.dll
 0001:0000df0a       sf_mex_error_direct_call   000000018000ef0a f   sf_runtime:sf_runtime.dll
 0001:0000df10       sf_clear_error_manager_info 000000018000ef10 f   sf_runtime:sf_runtime.dll
 0001:0000df16       sf_debug_create_debug_instance_struct 000000018000ef16 f   sf_runtime:sf_runtime.dll
 0001:0000df1c       sf_debug_terminate         000000018000ef1c f   sf_runtime:sf_runtime.dll
 0001:0000df22       sf_debug_api               000000018000ef22 f   sf_runtime:sf_runtime.dll
 0001:0000df28       mxIsChar                   000000018000ef28 f   libmx:libmx.dll
 0001:0000df2e       mxGetPr                    000000018000ef2e f   libmx:libmx.dll
 0001:0000df34       mxGetScalar                000000018000ef34 f   libmx:libmx.dll
 0001:0000df3a       mxDestroyArray             000000018000ef3a f   libmx:libmx.dll
 0001:0000df40       mxCreateDoubleMatrix_730   000000018000ef40 f   libmx:libmx.dll
 0001:0000df46       mxGetString_730            000000018000ef46 f   libmx:libmx.dll
 0001:0000df4c       mxDuplicateArray           000000018000ef4c f   libmx:libmx.dll
 0001:0000df52       mxSetField_730             000000018000ef52 f   libmx:libmx.dll
 0001:0000df58       mxCreateDoubleScalar       000000018000ef58 f   libmx:libmx.dll
 0001:0000df5e       mxCreateString             000000018000ef5e f   libmx:libmx.dll
 0001:0000df64       mxCreateCellMatrix_730     000000018000ef64 f   libmx:libmx.dll
 0001:0000df6a       mxCreateCellArray_730      000000018000ef6a f   libmx:libmx.dll
 0001:0000df70       mxCreateStructMatrix_730   000000018000ef70 f   libmx:libmx.dll
 0001:0000df76       mxCreateStructArray_730    000000018000ef76 f   libmx:libmx.dll
 0001:0000df7c       mxCalloc                   000000018000ef7c f   libmx:libmx.dll
 0001:0000df82       mxGetM                     000000018000ef82 f   libmx:libmx.dll
 0001:0000df88       mxGetClassID               000000018000ef88 f   libmx:libmx.dll
 0001:0000df8e       mxIsNumeric                000000018000ef8e f   libmx:libmx.dll
 0001:0000df94       mxIsComplex                000000018000ef94 f   libmx:libmx.dll
 0001:0000df9a       mxGetN                     000000018000ef9a f   libmx:libmx.dll
 0001:0000dfa0       mexMakeArrayPersistent     000000018000efa0 f   libmex:libmex.dll
 0001:0000dfa6       mexErrMsgTxt               000000018000efa6 f   libmex:libmex.dll
 0001:0000dfac       mexWarnMsgTxt              000000018000efac f   libmex:libmex.dll
 0001:0000dfb2       mexCallMATLABWithObject    000000018000efb2 f   libmex:libmex.dll
 0001:0000dfb8       mexLock                    000000018000efb8 f   libmex:libmex.dll
 0001:0000dfbe       mexUnlock                  000000018000efbe f   libmex:libmex.dll
 0001:0000dfc4       mexIsLocked                000000018000efc4 f   libmex:libmex.dll
 0001:0000dfca       utMalloc                   000000018000efca f   libut:libut.dll
 0001:0000dfd0       utFree                     000000018000efd0 f   libut:libut.dll
 0001:0000dfd6       muDoubleScalarCos          000000018000efd6 f   libmwmathutil:libmwmathutil.dll
 0001:0000dfdc       muDoubleScalarSin          000000018000efdc f   libmwmathutil:libmwmathutil.dll
 0001:0000dfe2       muDoubleScalarTan          000000018000efe2 f   libmwmathutil:libmwmathutil.dll
 0001:0000dfe8       __raise_securityfailure    000000018000efe8 f   MSVCRT:gs_report.obj
 0001:0000e01c       __report_gsfailure         000000018000f01c f   MSVCRT:gs_report.obj
 0001:0000e0f0       __report_rangecheckfailure 000000018000f0f0 f   MSVCRT:gs_report.obj
 0001:0000e104       __report_securityfailure   000000018000f104 f   MSVCRT:gs_report.obj
 0001:0000e1a0       __report_securityfailureEx 000000018000f1a0 f   MSVCRT:gs_report.obj
 0001:0000e394       __GSHandlerCheck           000000018000f394 f   MSVCRT:_gshandler_.obj
 0001:0000e3b4       __GSHandlerCheckCommon     000000018000f3b4 f   MSVCRT:_gshandler_.obj
 0001:0000e420       __security_check_cookie    000000018000f420 f   MSVCRT:_amdsecgs_.obj
 0001:0000e7a0       _CRT_INIT                  000000018000f7a0 f   MSVCRT:dll_dllmain.obj
 0001:0000e7a8       _DllMainCRTStartup         000000018000f7a8 f   MSVCRT:dll_dllmain.obj
 0001:0000e7e8       ??$__crt_fast_decode_pointer@PEAP6AXXZ@@YAPEAP6AXXZQEAP6AXXZ@Z 000000018000f7e8 f i MSVCRT:utility.obj
 0001:0000e800       ??$__crt_fast_encode_pointer@PEAP6AXXZ@@YAPEAP6AXXZQEAP6AXXZ@Z 000000018000f800 f i MSVCRT:utility.obj
 0001:0000e820       ?__crt_rotate_pointer_value@@YA_K_KH@Z 000000018000f820 f i MSVCRT:utility.obj
 0001:0000e8a8       NtCurrentTeb               000000018000f8a8 f i MSVCRT:utility.obj
 0001:0000e8b4       __scrt_acquire_startup_lock 000000018000f8b4 f   MSVCRT:utility.obj
 0001:0000e8f0       __scrt_dllmain_after_initialize_c 000000018000f8f0 f   MSVCRT:utility.obj
 0001:0000e910       __scrt_dllmain_before_initialize_c 000000018000f910 f   MSVCRT:utility.obj
 0001:0000e928       __scrt_dllmain_crt_thread_attach 000000018000f928 f   MSVCRT:utility.obj
 0001:0000e950       __scrt_dllmain_crt_thread_detach 000000018000f950 f   MSVCRT:utility.obj
 0001:0000e968       __scrt_dllmain_exception_filter 000000018000f968 f   MSVCRT:utility.obj
 0001:0000e9cc       __scrt_dllmain_uninitialize_c 000000018000f9cc f   MSVCRT:utility.obj
 0001:0000e9fc       __scrt_dllmain_uninitialize_critical 000000018000f9fc f   MSVCRT:utility.obj
 0001:0000ea10       __scrt_initialize_crt      000000018000fa10 f   MSVCRT:utility.obj
 0001:0000ea5c       __scrt_initialize_onexit_tables 000000018000fa5c f   MSVCRT:utility.obj
 0001:0000eb28       __scrt_is_nonwritable_in_current_image 000000018000fb28 f   MSVCRT:utility.obj
 0001:0000ebc4       __scrt_release_startup_lock 000000018000fbc4 f   MSVCRT:utility.obj
 0001:0000ebe8       __scrt_uninitialize_crt    000000018000fbe8 f   MSVCRT:utility.obj
 0001:0000ec14       _onexit                    000000018000fc14 f   MSVCRT:utility.obj
 0001:0000ec64       at_quick_exit              000000018000fc64 f   MSVCRT:utility.obj
 0001:0000ec9c       atexit                     000000018000fc9c f   MSVCRT:utility.obj
 0001:0000ecb4       __security_init_cookie     000000018000fcb4 f   MSVCRT:gs_support.obj
 0001:0000ed60       DllMain                    000000018000fd60 f   MSVCRT:dll_dllmain_stub.obj
 0001:0000ed84       ?__scrt_initialize_type_info@@YAXXZ 000000018000fd84 f   MSVCRT:tncleanup.obj
 0001:0000ed94       ?__scrt_uninitialize_type_info@@YAXXZ 000000018000fd94 f   MSVCRT:tncleanup.obj
 0001:0000eda0       __local_stdio_scanf_options 000000018000fda0 f i MSVCRT:default_local_stdio_options.obj
 0001:0000eda8       __scrt_initialize_default_local_stdio_options 000000018000fda8 f   MSVCRT:default_local_stdio_options.obj
 0001:0000edc4       __scrt_get_dyn_tls_init_callback 000000018000fdc4 f   MSVCRT:dyn_tls_init.obj
 0001:0000edcc       __crt_debugger_hook        000000018000fdcc f   MSVCRT:utility_desktop.obj
 0001:0000edd4       __scrt_fastfail            000000018000fdd4 f   MSVCRT:utility_desktop.obj
 0001:0000ef1c       __scrt_get_show_window_mode 000000018000ff1c f   MSVCRT:utility_desktop.obj
 0001:0000ef5c       __scrt_initialize_winrt    000000018000ff5c f   MSVCRT:utility_desktop.obj
 0001:0000ef60       __scrt_is_managed_app      000000018000ff60 f   MSVCRT:utility_desktop.obj
 0001:0000efb4       __scrt_set_unhandled_exception_filter 000000018000ffb4 f   MSVCRT:utility_desktop.obj
 0001:0000efc4       __scrt_unhandled_exception_filter 000000018000ffc4 f   MSVCRT:utility_desktop.obj
 0001:0000effc       _RTC_Initialize            000000018000fffc f   MSVCRT:_initsect_.obj
 0001:0000f048       _RTC_Terminate             0000000180010048 f   MSVCRT:_initsect_.obj
 0001:0000f094       _guard_check_icall         0000000180010094 f i MSVCRT:checkcfg.obj
 0001:0000f09c       __isa_available_init       000000018001009c f   MSVCRT:_cpu_disp_.obj
 0001:0000f260       __scrt_is_ucrt_dll_in_use  0000000180010260 f   MSVCRT:ucrt_detection.obj
 0001:0000f26c       _guard_check_icall_nop     000000018001026c f i MSVCRT:guard_support.obj
 0001:0000f270       _guard_icall_checks_enforced 0000000180010270 f i MSVCRT:guard_support.obj
 0001:0000f290       RtlCaptureContext          0000000180010290 f   kernel32:KERNEL32.dll
 0001:0000f296       RtlLookupFunctionEntry     0000000180010296 f   kernel32:KERNEL32.dll
 0001:0000f29c       RtlVirtualUnwind           000000018001029c f   kernel32:KERNEL32.dll
 0001:0000f2a2       UnhandledExceptionFilter   00000001800102a2 f   kernel32:KERNEL32.dll
 0001:0000f2a8       SetUnhandledExceptionFilter 00000001800102a8 f   kernel32:KERNEL32.dll
 0001:0000f2ae       GetCurrentProcess          00000001800102ae f   kernel32:KERNEL32.dll
 0001:0000f2b4       TerminateProcess           00000001800102b4 f   kernel32:KERNEL32.dll
 0001:0000f2ba       IsProcessorFeaturePresent  00000001800102ba f   kernel32:KERNEL32.dll
 0001:0000f2c0       QueryPerformanceCounter    00000001800102c0 f   kernel32:KERNEL32.dll
 0001:0000f2c6       GetCurrentProcessId        00000001800102c6 f   kernel32:KERNEL32.dll
 0001:0000f2cc       GetCurrentThreadId         00000001800102cc f   kernel32:KERNEL32.dll
 0001:0000f2d2       GetSystemTimeAsFileTime    00000001800102d2 f   kernel32:KERNEL32.dll
 0001:0000f2d8       DisableThreadLibraryCalls  00000001800102d8 f   kernel32:KERNEL32.dll
 0001:0000f2de       InitializeSListHead        00000001800102de f   kernel32:KERNEL32.dll
 0001:0000f2e4       IsDebuggerPresent          00000001800102e4 f   kernel32:KERNEL32.dll
 0001:0000f2ea       GetStartupInfoW            00000001800102ea f   kernel32:KERNEL32.dll
 0001:0000f2f0       GetModuleHandleW           00000001800102f0 f   kernel32:KERNEL32.dll
 0001:0000f2f6       memset                     00000001800102f6 f   vcruntime:VCRUNTIME140.dll
 0001:0000f2fc       memcpy                     00000001800102fc f   vcruntime:VCRUNTIME140.dll
 0001:0000f302       __telemetry_main_invoke_trigger 0000000180010302 f   vcruntime:VCRUNTIME140.dll
 0001:0000f308       __telemetry_main_return_trigger 0000000180010308 f   vcruntime:VCRUNTIME140.dll
 0001:0000f30e       __C_specific_handler       000000018001030e f   vcruntime:VCRUNTIME140.dll
 0001:0000f314       __std_type_info_destroy_list 0000000180010314 f   vcruntime:VCRUNTIME140.dll
 0001:0000f31a       strcmp                     000000018001031a f   ucrt:api-ms-win-crt-string-l1-1-0.dll
 0001:0000f320       free                       0000000180010320 f   ucrt:api-ms-win-crt-heap-l1-1-0.dll
 0001:0000f326       malloc                     0000000180010326 f   ucrt:api-ms-win-crt-heap-l1-1-0.dll
 0001:0000f32c       __stdio_common_vsprintf    000000018001032c f   ucrt:api-ms-win-crt-stdio-l1-1-0.dll
 0001:0000f332       strcat                     0000000180010332 f   ucrt:api-ms-win-crt-string-l1-1-0.dll
 0001:0000f338       strlen                     0000000180010338 f   ucrt:api-ms-win-crt-string-l1-1-0.dll
 0001:0000f33e       _initterm                  000000018001033e f   ucrt:api-ms-win-crt-runtime-l1-1-0.dll
 0001:0000f344       _initterm_e                0000000180010344 f   ucrt:api-ms-win-crt-runtime-l1-1-0.dll
 0001:0000f34a       _seh_filter_dll            000000018001034a f   ucrt:api-ms-win-crt-runtime-l1-1-0.dll
 0001:0000f350       _initialize_narrow_environment 0000000180010350 f   ucrt:api-ms-win-crt-runtime-l1-1-0.dll
 0001:0000f356       _initialize_onexit_table   0000000180010356 f   ucrt:api-ms-win-crt-runtime-l1-1-0.dll
 0001:0000f35c       _register_onexit_function  000000018001035c f   ucrt:api-ms-win-crt-runtime-l1-1-0.dll
 0001:0000f362       _execute_onexit_table      0000000180010362 f   ucrt:api-ms-win-crt-runtime-l1-1-0.dll
 0001:0000f368       _crt_atexit                0000000180010368 f   ucrt:api-ms-win-crt-runtime-l1-1-0.dll
 0001:0000f36e       _crt_at_quick_exit         000000018001036e f   ucrt:api-ms-win-crt-runtime-l1-1-0.dll
 0001:0000f374       _cexit                     0000000180010374 f   ucrt:api-ms-win-crt-runtime-l1-1-0.dll
 0001:0000f37a       terminate                  000000018001037a f   ucrt:api-ms-win-crt-runtime-l1-1-0.dll
 0001:0000f380       __acrt_initialize          0000000180010380 f   MSVCRT:ucrt_stubs.obj
 0001:0000f380       __vcrt_initialize          0000000180010380 f   MSVCRT:ucrt_stubs.obj
 0001:0000f380       __scrt_stub_for_acrt_initialize 0000000180010380 f   MSVCRT:ucrt_stubs.obj
 0001:0000f384       __acrt_thread_attach       0000000180010384 f   MSVCRT:ucrt_stubs.obj
 0001:0000f384       __vcrt_thread_attach       0000000180010384 f   MSVCRT:ucrt_stubs.obj
 0001:0000f384       __scrt_stub_for_acrt_thread_attach 0000000180010384 f   MSVCRT:ucrt_stubs.obj
 0001:0000f388       __vcrt_thread_detach       0000000180010388 f   MSVCRT:ucrt_stubs.obj
 0001:0000f388       __scrt_stub_for_acrt_thread_detach 0000000180010388 f   MSVCRT:ucrt_stubs.obj
 0001:0000f388       __acrt_thread_detach       0000000180010388 f   MSVCRT:ucrt_stubs.obj
 0001:0000f38c       __vcrt_uninitialize        000000018001038c f   MSVCRT:ucrt_stubs.obj
 0001:0000f38c       __scrt_stub_for_acrt_uninitialize 000000018001038c f   MSVCRT:ucrt_stubs.obj
 0001:0000f38c       __acrt_uninitialize        000000018001038c f   MSVCRT:ucrt_stubs.obj
 0001:0000f390       __vcrt_uninitialize_critical 0000000180010390 f   MSVCRT:ucrt_stubs.obj
 0001:0000f390       __scrt_stub_for_acrt_uninitialize_critical 0000000180010390 f   MSVCRT:ucrt_stubs.obj
 0001:0000f390       __acrt_uninitialize_critical 0000000180010390 f   MSVCRT:ucrt_stubs.obj
 0001:0000f394       __scrt_stub_for_is_c_termination_complete 0000000180010394 f   MSVCRT:ucrt_stubs.obj
 0001:0000f394       _is_c_termination_complete 0000000180010394 f   MSVCRT:ucrt_stubs.obj
 0001:0000f3b0       _guard_dispatch_icall_nop  00000001800103b0 f   MSVCRT:_guard_dispatch_.obj
 0002:00000000       __imp_GetModuleHandleW     0000000180011000     kernel32:KERNEL32.dll
 0002:00000008       __imp_RtlCaptureContext    0000000180011008     kernel32:KERNEL32.dll
 0002:00000010       __imp_IsProcessorFeaturePresent 0000000180011010     kernel32:KERNEL32.dll
 0002:00000018       __imp_RtlLookupFunctionEntry 0000000180011018     kernel32:KERNEL32.dll
 0002:00000020       __imp_QueryPerformanceCounter 0000000180011020     kernel32:KERNEL32.dll
 0002:00000028       __imp_GetCurrentProcessId  0000000180011028     kernel32:KERNEL32.dll
 0002:00000030       __imp_GetCurrentThreadId   0000000180011030     kernel32:KERNEL32.dll
 0002:00000038       __imp_GetSystemTimeAsFileTime 0000000180011038     kernel32:KERNEL32.dll
 0002:00000040       __imp_DisableThreadLibraryCalls 0000000180011040     kernel32:KERNEL32.dll
 0002:00000048       __imp_InitializeSListHead  0000000180011048     kernel32:KERNEL32.dll
 0002:00000050       __imp_IsDebuggerPresent    0000000180011050     kernel32:KERNEL32.dll
 0002:00000058       __imp_GetStartupInfoW      0000000180011058     kernel32:KERNEL32.dll
 0002:00000060       __imp_GetCurrentProcess    0000000180011060     kernel32:KERNEL32.dll
 0002:00000068       __imp_SetUnhandledExceptionFilter 0000000180011068     kernel32:KERNEL32.dll
 0002:00000070       __imp_RtlVirtualUnwind     0000000180011070     kernel32:KERNEL32.dll
 0002:00000078       __imp_UnhandledExceptionFilter 0000000180011078     kernel32:KERNEL32.dll
 0002:00000080       __imp_TerminateProcess     0000000180011080     kernel32:KERNEL32.dll
 0002:00000088       \177KERNEL32_NULL_THUNK_DATA 0000000180011088     kernel32:KERNEL32.dll
 0002:00000090       __imp_memcpy               0000000180011090     vcruntime:VCRUNTIME140.dll
 0002:00000098       __imp___telemetry_main_invoke_trigger 0000000180011098     vcruntime:VCRUNTIME140.dll
 0002:000000a0       __imp___telemetry_main_return_trigger 00000001800110a0     vcruntime:VCRUNTIME140.dll
 0002:000000a8       __imp___std_type_info_destroy_list 00000001800110a8     vcruntime:VCRUNTIME140.dll
 0002:000000b0       __imp___C_specific_handler 00000001800110b0     vcruntime:VCRUNTIME140.dll
 0002:000000b8       __imp_memset               00000001800110b8     vcruntime:VCRUNTIME140.dll
 0002:000000c0       \177VCRUNTIME140_NULL_THUNK_DATA 00000001800110c0     vcruntime:VCRUNTIME140.dll
 0002:000000c8       __imp_malloc               00000001800110c8     ucrt:api-ms-win-crt-heap-l1-1-0.dll
 0002:000000d0       __imp_free                 00000001800110d0     ucrt:api-ms-win-crt-heap-l1-1-0.dll
 0002:000000d8       \177api-ms-win-crt-heap-l1-1-0_NULL_THUNK_DATA 00000001800110d8     ucrt:api-ms-win-crt-heap-l1-1-0.dll
 0002:000000e0       __imp__initterm_e          00000001800110e0     ucrt:api-ms-win-crt-runtime-l1-1-0.dll
 0002:000000e8       __imp__initialize_narrow_environment 00000001800110e8     ucrt:api-ms-win-crt-runtime-l1-1-0.dll
 0002:000000f0       __imp__initialize_onexit_table 00000001800110f0     ucrt:api-ms-win-crt-runtime-l1-1-0.dll
 0002:000000f8       __imp__register_onexit_function 00000001800110f8     ucrt:api-ms-win-crt-runtime-l1-1-0.dll
 0002:00000100       __imp__execute_onexit_table 0000000180011100     ucrt:api-ms-win-crt-runtime-l1-1-0.dll
 0002:00000108       __imp__crt_atexit          0000000180011108     ucrt:api-ms-win-crt-runtime-l1-1-0.dll
 0002:00000110       __imp__crt_at_quick_exit   0000000180011110     ucrt:api-ms-win-crt-runtime-l1-1-0.dll
 0002:00000118       __imp__cexit               0000000180011118     ucrt:api-ms-win-crt-runtime-l1-1-0.dll
 0002:00000120       __imp_terminate            0000000180011120     ucrt:api-ms-win-crt-runtime-l1-1-0.dll
 0002:00000128       __imp__seh_filter_dll      0000000180011128     ucrt:api-ms-win-crt-runtime-l1-1-0.dll
 0002:00000130       __imp__initterm            0000000180011130     ucrt:api-ms-win-crt-runtime-l1-1-0.dll
 0002:00000138       \177api-ms-win-crt-runtime-l1-1-0_NULL_THUNK_DATA 0000000180011138     ucrt:api-ms-win-crt-runtime-l1-1-0.dll
 0002:00000140       __imp___stdio_common_vsprintf 0000000180011140     ucrt:api-ms-win-crt-stdio-l1-1-0.dll
 0002:00000148       \177api-ms-win-crt-stdio-l1-1-0_NULL_THUNK_DATA 0000000180011148     ucrt:api-ms-win-crt-stdio-l1-1-0.dll
 0002:00000150       __imp_strlen               0000000180011150     ucrt:api-ms-win-crt-string-l1-1-0.dll
 0002:00000158       __imp_strcat               0000000180011158     ucrt:api-ms-win-crt-string-l1-1-0.dll
 0002:00000160       __imp_strcmp               0000000180011160     ucrt:api-ms-win-crt-string-l1-1-0.dll
 0002:00000168       \177api-ms-win-crt-string-l1-1-0_NULL_THUNK_DATA 0000000180011168     ucrt:api-ms-win-crt-string-l1-1-0.dll
 0002:00000170       __imp_mexErrMsgTxt         0000000180011170     libmex:libmex.dll
 0002:00000178       __imp_mexWarnMsgTxt        0000000180011178     libmex:libmex.dll
 0002:00000180       __imp_mexCallMATLABWithObject 0000000180011180     libmex:libmex.dll
 0002:00000188       __imp_mexMakeArrayPersistent 0000000180011188     libmex:libmex.dll
 0002:00000190       __imp_mexIsLocked          0000000180011190     libmex:libmex.dll
 0002:00000198       __imp_mexUnlock            0000000180011198     libmex:libmex.dll
 0002:000001a0       __imp_mexLock              00000001800111a0     libmex:libmex.dll
 0002:000001a8       \177libmex_NULL_THUNK_DATA 00000001800111a8     libmex:libmex.dll
 0002:000001b0       __imp_muDoubleScalarTan    00000001800111b0     libmwmathutil:libmwmathutil.dll
 0002:000001b8       __imp_muDoubleScalarCos    00000001800111b8     libmwmathutil:libmwmathutil.dll
 0002:000001c0       __imp_muDoubleScalarSin    00000001800111c0     libmwmathutil:libmwmathutil.dll
 0002:000001c8       \177libmwmathutil_NULL_THUNK_DATA 00000001800111c8     libmwmathutil:libmwmathutil.dll
 0002:000001d0       __imp_mxGetN               00000001800111d0     libmx:libmx.dll
 0002:000001d8       __imp_mxIsComplex          00000001800111d8     libmx:libmx.dll
 0002:000001e0       __imp_mxIsNumeric          00000001800111e0     libmx:libmx.dll
 0002:000001e8       __imp_mxGetClassID         00000001800111e8     libmx:libmx.dll
 0002:000001f0       __imp_mxGetM               00000001800111f0     libmx:libmx.dll
 0002:000001f8       __imp_mxCalloc             00000001800111f8     libmx:libmx.dll
 0002:00000200       __imp_mxCreateStructArray_730 0000000180011200     libmx:libmx.dll
 0002:00000208       __imp_mxCreateStructMatrix_730 0000000180011208     libmx:libmx.dll
 0002:00000210       __imp_mxCreateCellArray_730 0000000180011210     libmx:libmx.dll
 0002:00000218       __imp_mxCreateCellMatrix_730 0000000180011218     libmx:libmx.dll
 0002:00000220       __imp_mxIsChar             0000000180011220     libmx:libmx.dll
 0002:00000228       __imp_mxGetPr              0000000180011228     libmx:libmx.dll
 0002:00000230       __imp_mxGetScalar          0000000180011230     libmx:libmx.dll
 0002:00000238       __imp_mxDestroyArray       0000000180011238     libmx:libmx.dll
 0002:00000240       __imp_mxCreateDoubleMatrix_730 0000000180011240     libmx:libmx.dll
 0002:00000248       __imp_mxGetString_730      0000000180011248     libmx:libmx.dll
 0002:00000250       __imp_mxDuplicateArray     0000000180011250     libmx:libmx.dll
 0002:00000258       __imp_mxSetField_730       0000000180011258     libmx:libmx.dll
 0002:00000260       __imp_mxCreateDoubleScalar 0000000180011260     libmx:libmx.dll
 0002:00000268       __imp_mxCreateString       0000000180011268     libmx:libmx.dll
 0002:00000270       \177libmx_NULL_THUNK_DATA  0000000180011270     libmx:libmx.dll
 0002:00000278       __imp_utMalloc             0000000180011278     libut:libut.dll
 0002:00000280       __imp_utFree               0000000180011280     libut:libut.dll
 0002:00000288       \177libut_NULL_THUNK_DATA  0000000180011288     libut:libut.dll
 0002:00000290       __imp_sf_debug_create_debug_instance_struct 0000000180011290     sf_runtime:sf_runtime.dll
 0002:00000298       __imp_sf_clear_error_manager_info 0000000180011298     sf_runtime:sf_runtime.dll
 0002:000002a0       __imp_sf_mex_error_direct_call 00000001800112a0     sf_runtime:sf_runtime.dll
 0002:000002a8       __imp_call_sf_machine_global_method_dispatcher 00000001800112a8     sf_runtime:sf_runtime.dll
 0002:000002b0       __imp_callMdlMethodAndReportError 00000001800112b0     sf_runtime:sf_runtime.dll
 0002:000002b8       __imp_sf_set_compiledInfo  00000001800112b8     sf_runtime:sf_runtime.dll
 0002:000002c0       __imp_sf_get_isEnhancedMooreMachine 00000001800112c0     sf_runtime:sf_runtime.dll
 0002:000002c8       __imp_sf_debug_terminate   00000001800112c8     sf_runtime:sf_runtime.dll
 0002:000002d0       __imp_sf_debug_cv_init_state 00000001800112d0     sf_runtime:sf_runtime.dll
 0002:000002d8       __imp_sf_debug_cv_init_chart 00000001800112d8     sf_runtime:sf_runtime.dll
 0002:000002e0       __imp_sf_debug_cv_init_trans 00000001800112e0     sf_runtime:sf_runtime.dll
 0002:000002e8       __imp_sf_debug_data_range_wrapper 00000001800112e8     sf_runtime:sf_runtime.dll
 0002:000002f0       __imp_sf_debug_set_chart_substate_count 00000001800112f0     sf_runtime:sf_runtime.dll
 0002:000002f8       __imp_sf_debug_set_chart_decomposition 00000001800112f8     sf_runtime:sf_runtime.dll
 0002:00000300       __imp_sf_debug_set_chart_state_info 0000000180011300     sf_runtime:sf_runtime.dll
 0002:00000308       __imp_sf_debug_set_chart_event_thresholds 0000000180011308     sf_runtime:sf_runtime.dll
 0002:00000310       __imp_sf_debug_api         0000000180011310     sf_runtime:sf_runtime.dll
 0002:00000318       __imp_sf_get_ChartInfoStruct_CodeGen 0000000180011318     sf_runtime:sf_runtime.dll
 0002:00000320       __imp_sf_debug_set_chart_disable_implicit_casting 0000000180011320     sf_runtime:sf_runtime.dll
 0002:00000328       __imp_sf_debug_set_instance_data_value_ptr 0000000180011328     sf_runtime:sf_runtime.dll
 0002:00000330       __imp_sf_debug_symbol_scope_add_eml_importable 0000000180011330     sf_runtime:sf_runtime.dll
 0002:00000338       __imp_sf_debug_symbol_scope_add_eml 0000000180011338     sf_runtime:sf_runtime.dll
 0002:00000340       __imp_sf_debug_symbol_scope_pop 0000000180011340     sf_runtime:sf_runtime.dll
 0002:00000348       __imp_sf_debug_symbol_scope_push_eml 0000000180011348     sf_runtime:sf_runtime.dll
 0002:00000350       __imp_sf_debug_symbol_scope_push 0000000180011350     sf_runtime:sf_runtime.dll
 0002:00000358       __imp_sf_debug_set_chart_data_compiled_props 0000000180011358     sf_runtime:sf_runtime.dll
 0002:00000360       __imp_sf_debug_set_chart_data_props 0000000180011360     sf_runtime:sf_runtime.dll
 0002:00000368       __imp_sf_debug_check_for_state_inconsistency 0000000180011368     sf_runtime:sf_runtime.dll
 0002:00000370       __imp_sf_debug_reset_current_state_configuration 0000000180011370     sf_runtime:sf_runtime.dll
 0002:00000378       __imp_cv_eml_init_fcn      0000000180011378     sf_runtime:sf_runtime.dll
 0002:00000380       __imp_cv_eml_init_script   0000000180011380     sf_runtime:sf_runtime.dll
 0002:00000388       __imp_cv_eml_eval          0000000180011388     sf_runtime:sf_runtime.dll
 0002:00000390       __imp_eml_debug_line_call  0000000180011390     sf_runtime:sf_runtime.dll
 0002:00000398       __imp_sf_debug_call        0000000180011398     sf_runtime:sf_runtime.dll
 0002:000003a0       __imp_sf_debug_initialize_chart 00000001800113a0     sf_runtime:sf_runtime.dll
 0002:000003a8       __imp_ssGetOutputPortSignal_wrapper 00000001800113a8     sf_runtime:sf_runtime.dll
 0002:000003b0       __imp_ssGetInputPortSignal_wrapper 00000001800113b0     sf_runtime:sf_runtime.dll
 0002:000003b8       __imp_sf_mex_decode_encoded_mx_struct_array 00000001800113b8     sf_runtime:sf_runtime.dll
 0002:000003c0       __imp_sf_mex_import        00000001800113c0     sf_runtime:sf_runtime.dll
 0002:000003c8       __imp_sf_mex_destroy       00000001800113c8     sf_runtime:sf_runtime.dll
 0002:000003d0       __imp_sf_mex_dup           00000001800113d0     sf_runtime:sf_runtime.dll
 0002:000003d8       __imp_sf_mex_assign        00000001800113d8     sf_runtime:sf_runtime.dll
 0002:000003e0       __imp_sf_mex_getcell       00000001800113e0     sf_runtime:sf_runtime.dll
 0002:000003e8       __imp_sf_mex_setcell       00000001800113e8     sf_runtime:sf_runtime.dll
 0002:000003f0       __imp_sf_mex_createcellmatrix 00000001800113f0     sf_runtime:sf_runtime.dll
 0002:000003f8       __imp_sf_mex_create        00000001800113f8     sf_runtime:sf_runtime.dll
 0002:00000400       __imp_sf_mex_error_message 0000000180011400     sf_runtime:sf_runtime.dll
 0002:00000408       __imp_sf_register_codegen_names_for_scoped_functions_defined_by_chart 0000000180011408     sf_runtime:sf_runtime.dll
 0002:00000410       __imp_sf_set_chart_accesses_machine_info 0000000180011410     sf_runtime:sf_runtime.dll
 0002:00000418       __imp_sf_is_first_init_cond 0000000180011418     sf_runtime:sf_runtime.dll
 0002:00000420       __imp_sf_get_time          0000000180011420     sf_runtime:sf_runtime.dll
 0002:00000428       __imp_sf_set_rtw_dwork_info 0000000180011428     sf_runtime:sf_runtime.dll
 0002:00000430       __imp_sf_clear_rtw_identifier 0000000180011430     sf_runtime:sf_runtime.dll
 0002:00000438       __imp_sim_mode_is_modelref_sim 0000000180011438     sf_runtime:sf_runtime.dll
 0002:00000440       __imp_sim_mode_is_external 0000000180011440     sf_runtime:sf_runtime.dll
 0002:00000448       __imp_sim_mode_is_rtw_gen  0000000180011448     sf_runtime:sf_runtime.dll
 0002:00000450       __imp_sf_mark_chart_expressionable_inputs 0000000180011450     sf_runtime:sf_runtime.dll
 0002:00000458       __imp_sf_mark_chart_reusable_outputs 0000000180011458     sf_runtime:sf_runtime.dll
 0002:00000460       __imp_sf_is_chart_inlinable 0000000180011460     sf_runtime:sf_runtime.dll
 0002:00000468       __imp_sf_update_buildInfo  0000000180011468     sf_runtime:sf_runtime.dll
 0002:00000470       __imp_sf_rtw_info_uint_prop 0000000180011470     sf_runtime:sf_runtime.dll
 0002:00000478       __imp_sf_get_chart_instance_ptr 0000000180011478     sf_runtime:sf_runtime.dll
 0002:00000480       __imp_sf_free_ChartRunTimeInfo 0000000180011480     sf_runtime:sf_runtime.dll
 0002:00000488       __imp_sf_init_ChartRunTimeInfo 0000000180011488     sf_runtime:sf_runtime.dll
 0002:00000490       __imp_sf_debug_set_machine_data_thresholds 0000000180011490     sf_runtime:sf_runtime.dll
 0002:00000498       __imp_sf_debug_set_machine_event_thresholds 0000000180011498     sf_runtime:sf_runtime.dll
 0002:000004a0       __imp_sf_debug_initialize_machine 00000001800114a0     sf_runtime:sf_runtime.dll
 0002:000004a8       __imp_sf_load_rtw_optimization_info 00000001800114a8     sf_runtime:sf_runtime.dll
 0002:000004b0       \177sf_runtime_NULL_THUNK_DATA 00000001800114b0     sf_runtime:sf_runtime.dll
 0002:000004b8       __guard_check_icall_fptr   00000001800114b8     MSVCRT:guard_support.obj
 0002:000004c0       __guard_dispatch_icall_fptr 00000001800114c0     MSVCRT:guard_support.obj
 0002:000004c8       __xc_a                     00000001800114c8     MSVCRT:initializers.obj
 0002:000004d0       __xc_z                     00000001800114d0     MSVCRT:initializers.obj
 0002:000004d8       __xi_a                     00000001800114d8     MSVCRT:initializers.obj
 0002:000004e0       __xi_z                     00000001800114e0     MSVCRT:initializers.obj
 0002:000004e8       __xp_a                     00000001800114e8     MSVCRT:initializers.obj
 0002:000004f0       __xp_z                     00000001800114f0     MSVCRT:initializers.obj
 0002:000004f8       __xt_a                     00000001800114f8     MSVCRT:initializers.obj
 0002:00000500       __xt_z                     0000000180011500     MSVCRT:initializers.obj
 0002:00000510       __real@41b6a7b949000000    0000000180011510     Attitude_Control_System_of_Flying_Vehicle_sfun.obj
 0002:00000518       __real@41b96e01a6000000    0000000180011518     Attitude_Control_System_of_Flying_Vehicle_sfun.obj
 0002:00000520       __real@41bc987757000000    0000000180011520     Attitude_Control_System_of_Flying_Vehicle_sfun.obj
 0002:00000528       __real@41c4826f14000000    0000000180011528     Attitude_Control_System_of_Flying_Vehicle_sfun.obj
 0002:00000530       __real@41da6e802d800000    0000000180011530     Attitude_Control_System_of_Flying_Vehicle_sfun.obj
 0002:00000538       __real@41e30debb7000000    0000000180011538     Attitude_Control_System_of_Flying_Vehicle_sfun.obj
 0002:00000540       __real@41e718f4fd800000    0000000180011540     Attitude_Control_System_of_Flying_Vehicle_sfun.obj
 0002:00000548       __real@41e98e0335200000    0000000180011548     Attitude_Control_System_of_Flying_Vehicle_sfun.obj
 0002:00000550       __real@41e9d991a6e00000    0000000180011550     Attitude_Control_System_of_Flying_Vehicle_sfun.obj
 0002:00000558       __real@41ebf44f1f000000    0000000180011558     Attitude_Control_System_of_Flying_Vehicle_sfun.obj
 0002:00000560       __real@41ec424603600000    0000000180011560     Attitude_Control_System_of_Flying_Vehicle_sfun.obj
 0002:00000568       __real@41ef4e3c52e00000    0000000180011568     Attitude_Control_System_of_Flying_Vehicle_sfun.obj
 0002:00000570       __real@3ff0000000000000    0000000180011570     c2_Attitude_Control_System_of_Flying_Vehicle.obj
 0002:00000578       __real@4008000000000000    0000000180011578     c2_Attitude_Control_System_of_Flying_Vehicle.obj
 0002:00000580       __real@4014000000000000    0000000180011580     c2_Attitude_Control_System_of_Flying_Vehicle.obj
 0002:00000588       __real@4024000000000000    0000000180011588     c2_Attitude_Control_System_of_Flying_Vehicle.obj
 0002:00000590       __real@41c954fa47000000    0000000180011590     c2_Attitude_Control_System_of_Flying_Vehicle.obj
 0002:00000598       __real@41d56c5264400000    0000000180011598     c2_Attitude_Control_System_of_Flying_Vehicle.obj
 0002:000005a0       __real@41d8b5a775800000    00000001800115a0     c2_Attitude_Control_System_of_Flying_Vehicle.obj
 0002:000005a8       __real@41e05408f9200000    00000001800115a8     c2_Attitude_Control_System_of_Flying_Vehicle.obj
 0002:000005b0       __xmm@80000000000000008000000000000000 00000001800115b0     c2_Attitude_Control_System_of_Flying_Vehicle.obj
 0002:000005c0       DYNAMIC_DIMENSION_DEF      00000001800115c0     Attitude_Control_System_of_Flying_Vehicle_sfun_registry.obj
 0002:000005e0       _ssBadLevel2InputAccessMsg 00000001800115e0     Attitude_Control_System_of_Flying_Vehicle_sfun_registry.obj
 0002:00000770       _ssBadLevel2ReusableInputAccessMsg 0000000180011770     Attitude_Control_System_of_Flying_Vehicle_sfun_registry.obj
 0002:00000870       _ssBadLevel2DirectFeedMsg  0000000180011870     Attitude_Control_System_of_Flying_Vehicle_sfun_registry.obj
 0002:000009b0       _ssBadLevel2DirectFeedSolutionMsg 00000001800119b0     Attitude_Control_System_of_Flying_Vehicle_sfun_registry.obj
 0002:00000a20       _ssBadLevel2ZeroDirectFeedMsg 0000000180011a20     Attitude_Control_System_of_Flying_Vehicle_sfun_registry.obj
 0002:00000b60       _ssBadLevel2ZeroDirectFeedMsg2 0000000180011b60     Attitude_Control_System_of_Flying_Vehicle_sfun_registry.obj
 0002:00000c48       __real@0000000000000000    0000000180011c48     Attitude_Control_System_of_Flying_Vehicle_sfun_registry.obj
 0002:00000c50       __real@41602cbca0000000    0000000180011c50     Attitude_Control_System_of_Flying_Vehicle_sfun_registry.obj
 0002:00000c58       __real@bff0000000000000    0000000180011c58     Attitude_Control_System_of_Flying_Vehicle_sfun_registry.obj
 0002:00000c70       _pRawDllMain               0000000180011c70     MSVCRT:dll_dllmain.obj
 0002:00000c70       _pDefaultRawDllMain        0000000180011c70     MSVCRT:dll_dllmain.obj
 0002:00000ca0       _load_config_used          0000000180011ca0     MSVCRT:loadcfg.obj
 0002:00000f50       __rtc_iaa                  0000000180011f50     MSVCRT:_initsect_.obj
 0002:00000f58       __rtc_izz                  0000000180011f58     MSVCRT:_initsect_.obj
 0002:00000f60       __rtc_taa                  0000000180011f60     MSVCRT:_initsect_.obj
 0002:00000f68       __rtc_tzz                  0000000180011f68     MSVCRT:_initsect_.obj
 0002:00001864       __IMPORT_DESCRIPTOR_sf_runtime 0000000180012864     sf_runtime:sf_runtime.dll
 0002:00001878       __IMPORT_DESCRIPTOR_libmx  0000000180012878     libmx:libmx.dll
 0002:0000188c       __IMPORT_DESCRIPTOR_libmex 000000018001288c     libmex:libmex.dll
 0002:000018a0       __IMPORT_DESCRIPTOR_libut  00000001800128a0     libut:libut.dll
 0002:000018b4       __IMPORT_DESCRIPTOR_libmwmathutil 00000001800128b4     libmwmathutil:libmwmathutil.dll
 0002:000018c8       __IMPORT_DESCRIPTOR_KERNEL32 00000001800128c8     kernel32:KERNEL32.dll
 0002:000018dc       __IMPORT_DESCRIPTOR_VCRUNTIME140 00000001800128dc     vcruntime:VCRUNTIME140.dll
 0002:000018f0       __IMPORT_DESCRIPTOR_api-ms-win-crt-string-l1-1-0 00000001800128f0     ucrt:api-ms-win-crt-string-l1-1-0.dll
 0002:00001904       __IMPORT_DESCRIPTOR_api-ms-win-crt-heap-l1-1-0 0000000180012904     ucrt:api-ms-win-crt-heap-l1-1-0.dll
 0002:00001918       __IMPORT_DESCRIPTOR_api-ms-win-crt-stdio-l1-1-0 0000000180012918     ucrt:api-ms-win-crt-stdio-l1-1-0.dll
 0002:0000192c       __IMPORT_DESCRIPTOR_api-ms-win-crt-runtime-l1-1-0 000000018001292c     ucrt:api-ms-win-crt-runtime-l1-1-0.dll
 0002:00001940       __NULL_IMPORT_DESCRIPTOR   0000000180012940     sf_runtime:sf_runtime.dll
 0003:00001d50       DYNAMIC_DIMENSION          0000000180015d50     Attitude_Control_System_of_Flying_Vehicle_sfun_registry.obj
 0003:00001d60       __security_cookie          0000000180015d60     MSVCRT:gs_cookie.obj
 0003:00001d68       __security_cookie_complement 0000000180015d68     MSVCRT:gs_cookie.obj
 0003:00001d70       _fltused                   0000000180015d70     MSVCRT:dllsupp.obj
 0003:00001d74       __scrt_native_dllmain_reason 0000000180015d74     MSVCRT:utility.obj
 0003:00001d78       __isa_available            0000000180015d78     MSVCRT:_cpu_disp_.obj
 0003:00001d7c       __isa_enabled              0000000180015d7c     MSVCRT:_cpu_disp_.obj
 0003:00001d80       __memcpy_nt_iters          0000000180015d80     MSVCRT:_cpu_disp_.obj
 0003:00001d90       __scrt_ucrt_dll_is_in_use  0000000180015d90     MSVCRT:ucrt_stubs.obj
 0003:00001dc0       sfGlobalDebugInstanceStruct 0000000180015dc0     Attitude_Control_System_of_Flying_Vehicle_sfun_registry.obj
 0003:00002418       __scrt_current_native_startup_state 0000000180016418     MSVCRT:utility.obj
 0003:00002420       __scrt_native_startup_lock 0000000180016420     MSVCRT:utility.obj
 0003:00002460       ?__type_info_root_node@@3U__type_info_node@@A 0000000180016460     MSVCRT:tncleanup.obj
 0003:00002470       ?_OptionsStorage@?1??__local_stdio_printf_options@@9@4_KA 0000000180016470     MSVCRT:default_local_stdio_options.obj
 0003:00002478       ?_OptionsStorage@?1??__local_stdio_scanf_options@@9@4_KA 0000000180016478     MSVCRT:default_local_stdio_options.obj
 0003:00002480       __scrt_debugger_hook_flag  0000000180016480     MSVCRT:utility_desktop.obj
 0003:00002484       __favor                    0000000180016484     MSVCRT:_cpu_disp_.obj
 0003:00002488       ?_OptionsStorage@?1??__local_stdio_printf_options@@9@9 0000000180016488     <common>
 0003:00002490       _Attitude_Control_System_of_Flying_VehicleMachineNumber_ 0000000180016490     <common>
 0003:00002498       __dyn_tls_init_callback    0000000180016498     <common>

 entry point at        0001:0000e7a8

 Static symbols

 0000:00000000       .debug$S                   0000000180000000     libmx:libmx.dll
 0000:00000000       .debug$S                   0000000180000000     Attitude_Control_System_of_Flying_Vehicle_sfun.exp
 0000:00000000       .debug$S                   0000000180000000     sf_runtime:sf_runtime.dll
 0000:00000000       .debug$S                   0000000180000000     sf_runtime:sf_runtime.dll
 0000:00000000       .debug$S                   0000000180000000     sf_runtime:sf_runtime.dll
 0000:00000000       .debug$S                   0000000180000000     sf_runtime:sf_runtime.dll
 0000:00000000       .debug$S                   0000000180000000     sf_runtime:sf_runtime.dll
 0000:00000000       .debug$S                   0000000180000000     ucrt:api-ms-win-crt-heap-l1-1-0.dll
 0000:00000000       .debug$S                   0000000180000000     ucrt:api-ms-win-crt-heap-l1-1-0.dll
 0000:00000000       .debug$S                   0000000180000000     ucrt:api-ms-win-crt-runtime-l1-1-0.dll
 0000:00000000       .debug$S                   0000000180000000     ucrt:api-ms-win-crt-runtime-l1-1-0.dll
 0000:00000000       .debug$S                   0000000180000000     ucrt:api-ms-win-crt-runtime-l1-1-0.dll
 0000:00000000       .debug$S                   0000000180000000     ucrt:api-ms-win-crt-runtime-l1-1-0.dll
 0000:00000000       .debug$S                   0000000180000000     ucrt:api-ms-win-crt-runtime-l1-1-0.dll
 0000:00000000       .debug$S                   0000000180000000     ucrt:api-ms-win-crt-runtime-l1-1-0.dll
 0000:00000000       .debug$S                   0000000180000000     ucrt:api-ms-win-crt-runtime-l1-1-0.dll
 0000:00000000       .debug$S                   0000000180000000     ucrt:api-ms-win-crt-runtime-l1-1-0.dll
 0000:00000000       .debug$S                   0000000180000000     ucrt:api-ms-win-crt-runtime-l1-1-0.dll
 0000:00000000       .debug$S                   0000000180000000     ucrt:api-ms-win-crt-runtime-l1-1-0.dll
 0000:00000000       .debug$S                   0000000180000000     ucrt:api-ms-win-crt-runtime-l1-1-0.dll
 0000:00000000       .debug$S                   0000000180000000     ucrt:api-ms-win-crt-stdio-l1-1-0.dll
 0000:00000000       .debug$S                   0000000180000000     sf_runtime:sf_runtime.dll
 0000:00000000       .debug$S                   0000000180000000     ucrt:api-ms-win-crt-string-l1-1-0.dll
 0000:00000000       .debug$S                   0000000180000000     ucrt:api-ms-win-crt-string-l1-1-0.dll
 0000:00000000       .debug$S                   0000000180000000     ucrt:api-ms-win-crt-string-l1-1-0.dll
 0000:00000000       .debug$S                   0000000180000000     sf_runtime:sf_runtime.dll
 0000:00000000       .debug$S                   0000000180000000     vcruntime:VCRUNTIME140.dll
 0000:00000000       .debug$S                   0000000180000000     vcruntime:VCRUNTIME140.dll
 0000:00000000       .debug$S                   0000000180000000     vcruntime:VCRUNTIME140.dll
 0000:00000000       .debug$S                   0000000180000000     vcruntime:VCRUNTIME140.dll
 0000:00000000       .debug$S                   0000000180000000     vcruntime:VCRUNTIME140.dll
 0000:00000000       .debug$S                   0000000180000000     vcruntime:VCRUNTIME140.dll
 0000:00000000       .debug$S                   0000000180000000     sf_runtime:sf_runtime.dll
 0000:00000000       .debug$S                   0000000180000000     kernel32:KERNEL32.dll
 0000:00000000       .debug$S                   0000000180000000     kernel32:KERNEL32.dll
 0000:00000000       .debug$S                   0000000180000000     kernel32:KERNEL32.dll
 0000:00000000       .debug$S                   0000000180000000     kernel32:KERNEL32.dll
 0000:00000000       .debug$S                   0000000180000000     kernel32:KERNEL32.dll
 0000:00000000       .debug$S                   0000000180000000     kernel32:KERNEL32.dll
 0000:00000000       .debug$S                   0000000180000000     kernel32:KERNEL32.dll
 0000:00000000       .debug$S                   0000000180000000     kernel32:KERNEL32.dll
 0000:00000000       .debug$S                   0000000180000000     kernel32:KERNEL32.dll
 0000:00000000       .debug$S                   0000000180000000     kernel32:KERNEL32.dll
 0000:00000000       .debug$S                   0000000180000000     kernel32:KERNEL32.dll
 0000:00000000       .debug$S                   0000000180000000     kernel32:KERNEL32.dll
 0000:00000000       .debug$S                   0000000180000000     kernel32:KERNEL32.dll
 0000:00000000       .debug$S                   0000000180000000     kernel32:KERNEL32.dll
 0000:00000000       .debug$S                   0000000180000000     kernel32:KERNEL32.dll
 0000:00000000       .debug$S                   0000000180000000     kernel32:KERNEL32.dll
 0000:00000000       .debug$S                   0000000180000000     kernel32:KERNEL32.dll
 0000:00000000       .debug$S                   0000000180000000     sf_runtime:sf_runtime.dll
 0000:00000000       .debug$S                   0000000180000000     sf_runtime:sf_runtime.dll
 0002:fffef000       __guard_fids___scrt_set_unhandled_exception_filter 0000000180000000     MSVCRT:utility_desktop.obj
 0000:00000000       .debug$S                   0000000180000000     sf_runtime:sf_runtime.dll
 0000:00000000       .debug$S                   0000000180000000     sf_runtime:sf_runtime.dll
 0000:00000000       .debug$S                   0000000180000000     sf_runtime:sf_runtime.dll
 0000:00000000       .debug$S                   0000000180000000     sf_runtime:sf_runtime.dll
 0000:00000000       .debug$S                   0000000180000000     sf_runtime:sf_runtime.dll
 0000:00000000       .debug$S                   0000000180000000     sf_runtime:sf_runtime.dll
 0000:00000000       .debug$S                   0000000180000000     sf_runtime:sf_runtime.dll
 0000:00000000       .debug$S                   0000000180000000     sf_runtime:sf_runtime.dll
 0000:00000000       .debug$S                   0000000180000000     sf_runtime:sf_runtime.dll
 0000:00000000       .debug$S                   0000000180000000     sf_runtime:sf_runtime.dll
 0000:00000000       .debug$S                   0000000180000000     sf_runtime:sf_runtime.dll
 0000:00000000       .debug$S                   0000000180000000     sf_runtime:sf_runtime.dll
 0000:00000000       .debug$S                   0000000180000000     sf_runtime:sf_runtime.dll
 0000:00000000       .debug$S                   0000000180000000     sf_runtime:sf_runtime.dll
 0000:00000000       .debug$S                   0000000180000000     sf_runtime:sf_runtime.dll
 0000:00000000       .debug$S                   0000000180000000     sf_runtime:sf_runtime.dll
 0000:00000000       .debug$S                   0000000180000000     sf_runtime:sf_runtime.dll
 0000:00000000       .debug$S                   0000000180000000     sf_runtime:sf_runtime.dll
 0000:00000000       .debug$S                   0000000180000000     sf_runtime:sf_runtime.dll
 0000:00000000       .debug$S                   0000000180000000     sf_runtime:sf_runtime.dll
 0000:00000000       .debug$S                   0000000180000000     sf_runtime:sf_runtime.dll
 0000:00000000       .debug$S                   0000000180000000     sf_runtime:sf_runtime.dll
 0000:00000000       .debug$S                   0000000180000000     sf_runtime:sf_runtime.dll
 0000:00000000       .debug$S                   0000000180000000     sf_runtime:sf_runtime.dll
 0000:00000000       .debug$S                   0000000180000000     sf_runtime:sf_runtime.dll
 0002:fffef000       __guard_fids_?dllmain_dispatch@@YAHQEAUHINSTANCE__@@KQEAX@Z 0000000180000000     MSVCRT:dll_dllmain.obj
 0000:00000000       .debug$S                   0000000180000000     sf_runtime:sf_runtime.dll
 0000:00000000       .debug$S                   0000000180000000     sf_runtime:sf_runtime.dll
 0000:00000000       .debug$S                   0000000180000000     sf_runtime:sf_runtime.dll
 0000:00000000       .debug$S                   0000000180000000     sf_runtime:sf_runtime.dll
 0000:00000000       .debug$S                   0000000180000000     sf_runtime:sf_runtime.dll
 0000:00000000       .debug$S                   0000000180000000     sf_runtime:sf_runtime.dll
 0002:fffef000       __guard_fids_?dllmain_crt_process_attach@@YAHQEAUHINSTANCE__@@QEAX@Z 0000000180000000     MSVCRT:dll_dllmain.obj
 0000:00000000       .debug$S                   0000000180000000     sf_runtime:sf_runtime.dll
 0000:00000000       .debug$S                   0000000180000000     sf_runtime:sf_runtime.dll
 0000:00000000       .debug$S                   0000000180000000     sf_runtime:sf_runtime.dll
 0000:00000000       .debug$S                   0000000180000000     sf_runtime:sf_runtime.dll
 0000:00000000       .debug$S                   0000000180000000     sf_runtime:sf_runtime.dll
 0000:00000000       .debug$S                   0000000180000000     sf_runtime:sf_runtime.dll
 0000:00000000       .debug$S                   0000000180000000     sf_runtime:sf_runtime.dll
 0000:00000000       .debug$S                   0000000180000000     sf_runtime:sf_runtime.dll
 0000:00000000       .debug$S                   0000000180000000     sf_runtime:sf_runtime.dll
 0002:fffef000       __guard_fids__guard_icall_checks_enforced 0000000180000000     MSVCRT:guard_support.obj
 0002:fffef000       __guard_fids__             0000000180000000     MSVCRT:guard_support.obj
 0000:00000000       .debug$S                   0000000180000000     sf_runtime:sf_runtime.dll
 0000:00000000       .debug$S                   0000000180000000     sf_runtime:sf_runtime.dll
 0000:00000000       .debug$S                   0000000180000000     sf_runtime:sf_runtime.dll
 0000:00000000       .debug$S                   0000000180000000     sf_runtime:sf_runtime.dll
 0000:00000000       .debug$S                   0000000180000000     sf_runtime:sf_runtime.dll
 0000:00000000       .debug$S                   0000000180000000     sf_runtime:sf_runtime.dll
 0000:00000000       .debug$S                   0000000180000000     sf_runtime:sf_runtime.dll
 0000:00000000       .debug$S                   0000000180000000     sf_runtime:sf_runtime.dll
 0000:00000000       .debug$S                   0000000180000000     sf_runtime:sf_runtime.dll
 0000:00000000       .debug$S                   0000000180000000     sf_runtime:sf_runtime.dll
 0000:00000000       .debug$S                   0000000180000000     sf_runtime:sf_runtime.dll
 0000:00000000       .debug$S                   0000000180000000     sf_runtime:sf_runtime.dll
 0000:00000000       .debug$S                   0000000180000000     sf_runtime:sf_runtime.dll
 0000:00000000       .debug$S                   0000000180000000     sf_runtime:sf_runtime.dll
 0000:00000000       .debug$S                   0000000180000000     sf_runtime:sf_runtime.dll
 0000:00000000       .debug$S                   0000000180000000     sf_runtime:sf_runtime.dll
 0000:00000000       .debug$S                   0000000180000000     sf_runtime:sf_runtime.dll
 0000:00000000       .debug$S                   0000000180000000     sf_runtime:sf_runtime.dll
 0000:00000000       .debug$S                   0000000180000000     libmx:libmx.dll
 0000:00000000       .debug$S                   0000000180000000     libmx:libmx.dll
 0000:00000000       .debug$S                   0000000180000000     libmx:libmx.dll
 0000:00000000       .debug$S                   0000000180000000     libmx:libmx.dll
 0000:00000000       .debug$S                   0000000180000000     libmwmathutil:libmwmathutil.dll
 0000:00000000       .debug$S                   0000000180000000     libmx:libmx.dll
 0000:00000000       .debug$S                   0000000180000000     libmx:libmx.dll
 0000:00000000       .debug$S                   0000000180000000     libmx:libmx.dll
 0000:00000000       .debug$S                   0000000180000000     libmx:libmx.dll
 0000:00000000       .debug$S                   0000000180000000     libmx:libmx.dll
 0000:00000000       .debug$S                   0000000180000000     libmx:libmx.dll
 0000:00000000       .debug$S                   0000000180000000     libmx:libmx.dll
 0000:00000000       .debug$S                   0000000180000000     libmx:libmx.dll
 0000:00000000       .debug$S                   0000000180000000     libmx:libmx.dll
 0000:00000000       .debug$S                   0000000180000000     libmx:libmx.dll
 0000:00000000       .debug$S                   0000000180000000     libmx:libmx.dll
 0000:00000000       .debug$S                   0000000180000000     libmx:libmx.dll
 0000:00000000       .debug$S                   0000000180000000     libmx:libmx.dll
 0000:00000000       .debug$S                   0000000180000000     libmx:libmx.dll
 0000:00000000       .debug$S                   0000000180000000     libmx:libmx.dll
 0000:00000000       .debug$S                   0000000180000000     libmex:libmex.dll
 0000:00000000       .debug$S                   0000000180000000     libmex:libmex.dll
 0000:00000000       .debug$S                   0000000180000000     libmex:libmex.dll
 0000:00000000       .debug$S                   0000000180000000     libmex:libmex.dll
 0000:00000000       .debug$S                   0000000180000000     libmex:libmex.dll
 0000:00000000       .debug$S                   0000000180000000     libmex:libmex.dll
 0000:00000000       .debug$S                   0000000180000000     libmex:libmex.dll
 0000:00000000       .debug$S                   0000000180000000     libut:libut.dll
 0000:00000000       .debug$S                   0000000180000000     libut:libut.dll
 0000:00000000       .debug$S                   0000000180000000     libmwmathutil:libmwmathutil.dll
 0000:00000000       .debug$S                   0000000180000000     libmwmathutil:libmwmathutil.dll
 0001:00001160       chart_debug_initialization 0000000180002160 f   c2_Attitude_Control_System_of_Flying_Vehicle.obj
 0001:00001d60       chart_debug_initialize_data_addresses 0000000180002d60 f   c2_Attitude_Control_System_of_Flying_Vehicle.obj
 0001:00002020       initialize_c2_Attitude_Control_System_of_Flying_Vehicle 0000000180003020 f   c2_Attitude_Control_System_of_Flying_Vehicle.obj
 0001:00002090       initialize_params_c2_Attitude_Control_System_of_Flying_Vehicle 0000000180003090 f   c2_Attitude_Control_System_of_Flying_Vehicle.obj
 0001:000020a0       enable_c2_Attitude_Control_System_of_Flying_Vehicle 00000001800030a0 f   c2_Attitude_Control_System_of_Flying_Vehicle.obj
 0001:000020d0       disable_c2_Attitude_Control_System_of_Flying_Vehicle 00000001800030d0 f   c2_Attitude_Control_System_of_Flying_Vehicle.obj
 0001:00002100       c2_update_debugger_state_c2_Attitude_Control_System_of_Flying_Ve 0000000180003100 f   c2_Attitude_Control_System_of_Flying_Vehicle.obj
 0001:00002110       get_sim_state_c2_Attitude_Control_System_of_Flying_Vehicle 0000000180003110 f   c2_Attitude_Control_System_of_Flying_Vehicle.obj
 0001:00002390       set_sim_state_c2_Attitude_Control_System_of_Flying_Vehicle 0000000180003390 f   c2_Attitude_Control_System_of_Flying_Vehicle.obj
 0001:000024f0       finalize_c2_Attitude_Control_System_of_Flying_Vehicle 00000001800034f0 f   c2_Attitude_Control_System_of_Flying_Vehicle.obj
 0001:00002500       sf_gateway_c2_Attitude_Control_System_of_Flying_Vehicle 0000000180003500 f   c2_Attitude_Control_System_of_Flying_Vehicle.obj
 0001:00003a80       mdl_start_c2_Attitude_Control_System_of_Flying_Vehicle 0000000180004a80 f   c2_Attitude_Control_System_of_Flying_Vehicle.obj
 0001:00003a90       initSimStructsc2_Attitude_Control_System_of_Flying_Vehicle 0000000180004a90 f   c2_Attitude_Control_System_of_Flying_Vehicle.obj
 0001:00003aa0       init_script_number_translation 0000000180004aa0 f   c2_Attitude_Control_System_of_Flying_Vehicle.obj
 0001:00003ac0       c2_sf_marshallOut          0000000180004ac0 f   c2_Attitude_Control_System_of_Flying_Vehicle.obj
 0001:00003b70       c2_emlrt_marshallIn        0000000180004b70 f   c2_Attitude_Control_System_of_Flying_Vehicle.obj
 0001:00003be0       c2_b_emlrt_marshallIn      0000000180004be0 f   c2_Attitude_Control_System_of_Flying_Vehicle.obj
 0001:00003c70       c2_sf_marshallIn           0000000180004c70 f   c2_Attitude_Control_System_of_Flying_Vehicle.obj
 0001:00003d20       c2_b_sf_marshallOut        0000000180004d20 f   c2_Attitude_Control_System_of_Flying_Vehicle.obj
 0001:00003e30       c2_c_emlrt_marshallIn      0000000180004e30 f   c2_Attitude_Control_System_of_Flying_Vehicle.obj
 0001:00003f20       c2_b_sf_marshallIn         0000000180004f20 f   c2_Attitude_Control_System_of_Flying_Vehicle.obj
 0001:00004020       c2_c_sf_marshallOut        0000000180005020 f   c2_Attitude_Control_System_of_Flying_Vehicle.obj
 0001:00004180       c2_d_emlrt_marshallIn      0000000180005180 f   c2_Attitude_Control_System_of_Flying_Vehicle.obj
 0001:00004280       c2_c_sf_marshallIn         0000000180005280 f   c2_Attitude_Control_System_of_Flying_Vehicle.obj
 0001:000043d0       c2_f_emlrt_marshallIn      00000001800053d0 f   c2_Attitude_Control_System_of_Flying_Vehicle.obj
 0001:00004440       c2_g_emlrt_marshallIn      0000000180005440 f   c2_Attitude_Control_System_of_Flying_Vehicle.obj
 0001:000044d0       init_dsm_address_info      00000001800054d0 f   c2_Attitude_Control_System_of_Flying_Vehicle.obj
 0001:000044e0       init_simulink_io_address   00000001800054e0 f   c2_Attitude_Control_System_of_Flying_Vehicle.obj
 0001:00005480       sf_get_sim_state_info_c2_Attitude_Control_System_of_Flying_Vehicle 0000000180006480 f   c2_Attitude_Control_System_of_Flying_Vehicle.obj
 0001:00005550       sf_get_instance_specialization 0000000180006550 f   c2_Attitude_Control_System_of_Flying_Vehicle.obj
 0001:00005560       sf_opaque_initialize_c2_Attitude_Control_System_of_Flying_Vehicle 0000000180006560 f   c2_Attitude_Control_System_of_Flying_Vehicle.obj
 0001:000055a0       sf_opaque_enable_c2_Attitude_Control_System_of_Flying_Vehicle 00000001800065a0 f   c2_Attitude_Control_System_of_Flying_Vehicle.obj
 0001:000055c0       sf_opaque_disable_c2_Attitude_Control_System_of_Flying_Vehicle 00000001800065c0 f   c2_Attitude_Control_System_of_Flying_Vehicle.obj
[...]
 0004:00000294       $pdata$_ssSetInputPortReusableFcn 0000000180017294     Attitude_Control_System_of_Flying_Vehicle_sfun_registry.obj
 0004:000002a0       $pdata$_ssSetOutputPortReusableFcn 00000001800172a0     Attitude_Control_System_of_Flying_Vehicle_sfun_registry.obj
 0004:000002ac       $pdata$_ssSetSymbolicDimsSupport 00000001800172ac     Attitude_Control_System_of_Flying_Vehicle_sfun_registry.obj
 0004:000002b8       $pdata$_ssRegisterSymbolicDimsExpr 00000001800172b8     Attitude_Control_System_of_Flying_Vehicle_sfun_registry.obj
 0004:000002c4       $pdata$_ssRegisterSymbolicDims 00000001800172c4     Attitude_Control_System_of_Flying_Vehicle_sfun_registry.obj
 0004:000002d0       $pdata$_ssRegisterSymbolicDimsString 00000001800172d0     Attitude_Control_System_of_Flying_Vehicle_sfun_registry.obj
 0004:000002dc       $pdata$_ssRegisterSymbolicDimsIntValue 00000001800172dc     Attitude_Control_System_of_Flying_Vehicle_sfun_registry.obj
 0004:000002e8       $pdata$_ssRegisterSymbolicDimsPlus 00000001800172e8     Attitude_Control_System_of_Flying_Vehicle_sfun_registry.obj
 0004:000002f4       $pdata$_ssRegisterSymbolicDimsMinus 00000001800172f4     Attitude_Control_System_of_Flying_Vehicle_sfun_registry.obj
 0004:00000300       $pdata$_ssRegisterSymbolicDimsMultiply 0000000180017300     Attitude_Control_System_of_Flying_Vehicle_sfun_registry.obj
 0004:0000030c       $pdata$_ssRegisterSymbolicDimsDivide 000000018001730c     Attitude_Control_System_of_Flying_Vehicle_sfun_registry.obj
 0004:00000318       $pdata$_ssGetNumSymbolicDims 0000000180017318     Attitude_Control_System_of_Flying_Vehicle_sfun_registry.obj
 0004:00000324       $pdata$_ssGetSymbolicDim   0000000180017324     Attitude_Control_System_of_Flying_Vehicle_sfun_registry.obj
 0004:00000330       $pdata$_ssSetInputPortSymbolicDimsId 0000000180017330     Attitude_Control_System_of_Flying_Vehicle_sfun_registry.obj
 0004:0000033c       $pdata$_ssGetCompInputPortSymbolicDimsId 000000018001733c     Attitude_Control_System_of_Flying_Vehicle_sfun_registry.obj
 0004:00000348       $pdata$_ssSetCompInputPortSymbolicDimsId 0000000180017348     Attitude_Control_System_of_Flying_Vehicle_sfun_registry.obj
 0004:00000354       $pdata$_ssSetOutputPortSymbolicDimsId 0000000180017354     Attitude_Control_System_of_Flying_Vehicle_sfun_registry.obj
 0004:00000360       $pdata$_ssGetCompOutputPortSymbolicDimsId 0000000180017360     Attitude_Control_System_of_Flying_Vehicle_sfun_registry.obj
 0004:0000036c       $pdata$_ssSetCompOutputPortSymbolicDimsId 000000018001736c     Attitude_Control_System_of_Flying_Vehicle_sfun_registry.obj
 0004:00000378       $pdata$_ssSetCompDWorkSymbolicDimsId 0000000180017378     Attitude_Control_System_of_Flying_Vehicle_sfun_registry.obj
 0004:00000384       $pdata$ssGetIsZeroCrossControlDisabled 0000000180017384     Attitude_Control_System_of_Flying_Vehicle_sfun_registry.obj
 0004:00000390       $pdata$ssSetIsInputPortUsedForContZcSignal 0000000180017390     Attitude_Control_System_of_Flying_Vehicle_sfun_registry.obj
 0004:0000039c       $pdata$ssSetZcSignalIsZcElementDisc 000000018001739c     Attitude_Control_System_of_Flying_Vehicle_sfun_registry.obj
 0004:000003a8       $pdata$ssSetZcSignalName   00000001800173a8     Attitude_Control_System_of_Flying_Vehicle_sfun_registry.obj
 0004:000003b4       $pdata$ssSetZcSignalWidth  00000001800173b4     Attitude_Control_System_of_Flying_Vehicle_sfun_registry.obj
 0004:000003c0       $pdata$ssSetZcSignalZcEventType 00000001800173c0     Attitude_Control_System_of_Flying_Vehicle_sfun_registry.obj
 0004:000003cc       $pdata$ssSetZcSignalType   00000001800173cc     Attitude_Control_System_of_Flying_Vehicle_sfun_registry.obj
 0004:000003d8       $pdata$ssSetZcSignalZcTol  00000001800173d8     Attitude_Control_System_of_Flying_Vehicle_sfun_registry.obj
 0004:000003e4       $pdata$ssSetZcSignalNeedsEventNotification 00000001800173e4     Attitude_Control_System_of_Flying_Vehicle_sfun_registry.obj
 0004:000003f0       $pdata$ssCreateAndAddZcSignalInfo 00000001800173f0     Attitude_Control_System_of_Flying_Vehicle_sfun_registry.obj
 0004:000003fc       $pdata$ssCloneAndAddZcSignalInfo 00000001800173fc     Attitude_Control_System_of_Flying_Vehicle_sfun_registry.obj
 0004:00000408       $pdata$ssGetNumZcSignals   0000000180017408     Attitude_Control_System_of_Flying_Vehicle_sfun_registry.obj
 0004:00000414       $pdata$ssGetZcSignalVector 0000000180017414     Attitude_Control_System_of_Flying_Vehicle_sfun_registry.obj
 0004:00000420       $pdata$ssGetZcSignalName   0000000180017420     Attitude_Control_System_of_Flying_Vehicle_sfun_registry.obj
 0004:0000042c       $pdata$ssGetZcSignalWidth  000000018001742c     Attitude_Control_System_of_Flying_Vehicle_sfun_registry.obj
 0004:00000438       $pdata$ssGetZcSignalZcEventType 0000000180017438     Attitude_Control_System_of_Flying_Vehicle_sfun_registry.obj
 0004:00000444       $pdata$ssGetZcSignalZcEvents 0000000180017444     Attitude_Control_System_of_Flying_Vehicle_sfun_registry.obj
 0004:00000450       $pdata$ssGetZcSignalType   0000000180017450     Attitude_Control_System_of_Flying_Vehicle_sfun_registry.obj
 0004:0000045c       $pdata$ssGetZcSignalZcTol  000000018001745c     Attitude_Control_System_of_Flying_Vehicle_sfun_registry.obj
 0004:00000468       $pdata$ssGetZcSignalNeedsEventNotification 0000000180017468     Attitude_Control_System_of_Flying_Vehicle_sfun_registry.obj
 0004:00000474       $pdata$ssGetZcSignalIsZcElementDisc 0000000180017474     Attitude_Control_System_of_Flying_Vehicle_sfun_registry.obj
 0004:00000480       $pdata$ssGetIsInputPortElementContinuous 0000000180017480     Attitude_Control_System_of_Flying_Vehicle_sfun_registry.obj
 0004:0000048c       $pdata$ssGetDTypeIdFromMxArray 000000018001748c     Attitude_Control_System_of_Flying_Vehicle_sfun_registry.obj
 0004:00000498       $pdata$ssWriteRTWStr       0000000180017498     Attitude_Control_System_of_Flying_Vehicle_sfun_registry.obj
 0004:000004a4       $pdata$ssWriteRTWNameValuePair 00000001800174a4     Attitude_Control_System_of_Flying_Vehicle_sfun_registry.obj
 0004:000004b0       $pdata$ssWriteRTWParamSettings 00000001800174b0     Attitude_Control_System_of_Flying_Vehicle_sfun_registry.obj
 0004:000004bc       $pdata$ssWriteRTWParameters 00000001800174bc     Attitude_Control_System_of_Flying_Vehicle_sfun_registry.obj
 0004:000004c8       $pdata$ssWriteRTWWorkVect  00000001800174c8     Attitude_Control_System_of_Flying_Vehicle_sfun_registry.obj
 0004:000004d4       $pdata$ssWriteRTWMxVectParam 00000001800174d4     Attitude_Control_System_of_Flying_Vehicle_sfun_registry.obj
 0004:000004e0       $pdata$ssWriteRTWMx2dMatParam 00000001800174e0     Attitude_Control_System_of_Flying_Vehicle_sfun_registry.obj
 0004:000004ec       $pdata$_ssSetInputPortMatrixDimensions 00000001800174ec     Attitude_Control_System_of_Flying_Vehicle_sfun_registry.obj
 0004:000004f8       $pdata$_ssSetOutputPortMatrixDimensions 00000001800174f8     Attitude_Control_System_of_Flying_Vehicle_sfun_registry.obj
 0004:00000504       $pdata$_ssSetInputPortVectorDimension 0000000180017504     Attitude_Control_System_of_Flying_Vehicle_sfun_registry.obj
 0004:00000510       $pdata$_ssSetOutputPortVectorDimension 0000000180017510     Attitude_Control_System_of_Flying_Vehicle_sfun_registry.obj
 0004:0000051c       $pdata$ssIsRunTimeParamTunable 000000018001751c     Attitude_Control_System_of_Flying_Vehicle_sfun_registry.obj
 0004:00000528       $pdata$ssGetSFuncBlockHandle 0000000180017528     Attitude_Control_System_of_Flying_Vehicle_sfun_registry.obj
 0004:00000534       $pdata$_ssGetCurrentInputPortWidth 0000000180017534     Attitude_Control_System_of_Flying_Vehicle_sfun_registry.obj
 0004:00000540       $pdata$_ssGetCurrentOutputPortWidth 0000000180017540     Attitude_Control_System_of_Flying_Vehicle_sfun_registry.obj
 0004:0000054c       $pdata$_ssGetCallSystemNumFcnCallDestinations 000000018001754c     Attitude_Control_System_of_Flying_Vehicle_sfun_registry.obj
 0004:00000558       $pdata$ssGetParameterTuningCompliance 0000000180017558     Attitude_Control_System_of_Flying_Vehicle_sfun_registry.obj
 0004:00000564       $pdata$ssWarning           0000000180017564     Attitude_Control_System_of_Flying_Vehicle_sfun_registry.obj
 0004:00000570       $pdata$_ssGetAbsTol        0000000180017570     Attitude_Control_System_of_Flying_Vehicle_sfun_registry.obj
 0004:0000057c       $pdata$sf_process_check_sum_call 000000018001757c     Attitude_Control_System_of_Flying_Vehicle_sfun_registry.obj
 0004:00000588       $pdata$sf_process_autoinheritance_call 0000000180017588     Attitude_Control_System_of_Flying_Vehicle_sfun_registry.obj
 0004:00000594       $pdata$sf_process_get_third_party_uses_info_call 0000000180017594     Attitude_Control_System_of_Flying_Vehicle_sfun_registry.obj
 0004:000005a0       $pdata$sf_process_get_jit_fallback_info_call 00000001800175a0     Attitude_Control_System_of_Flying_Vehicle_sfun_registry.obj
 0004:000005ac       $pdata$sf_process_get_updateBuildInfo_args_info_call 00000001800175ac     Attitude_Control_System_of_Flying_Vehicle_sfun_registry.obj
 0004:000005b8       $pdata$sf_process_get_eml_resolved_functions_info_call 00000001800175b8     Attitude_Control_System_of_Flying_Vehicle_sfun_registry.obj
 0004:000005c4       $pdata$sf_mex_unlock_call  00000001800175c4     Attitude_Control_System_of_Flying_Vehicle_sfun_registry.obj
 0004:000005d0       $pdata$sf_debug_api_wrapper 00000001800175d0     Attitude_Control_System_of_Flying_Vehicle_sfun_registry.obj
 0004:000005dc       $pdata$ProcessMexSfunctionCmdLineCall 00000001800175dc     Attitude_Control_System_of_Flying_Vehicle_sfun_registry.obj
 0004:000005e8       $pdata$sf_machine_global_initializer_called 00000001800175e8     Attitude_Control_System_of_Flying_Vehicle_sfun_registry.obj
 0004:000005f4       $pdata$sf_machine_global_method_dispatcher 00000001800175f4     Attitude_Control_System_of_Flying_Vehicle_sfun_registry.obj
 0004:00000600       $pdata$sf_machine_global_terminator 0000000180017600     Attitude_Control_System_of_Flying_Vehicle_sfun_registry.obj
 0004:0000060c       $pdata$sf_register_machine_exported_symbols 000000018001760c     Attitude_Control_System_of_Flying_Vehicle_sfun_registry.obj
 0004:00000618       $pdata$sf_machine_global_initializer 0000000180017618     Attitude_Control_System_of_Flying_Vehicle_sfun_registry.obj
 0004:00000624       $pdata$mdlGetSimState      0000000180017624     Attitude_Control_System_of_Flying_Vehicle_sfun_registry.obj
 0004:00000630       $pdata$mdlSetSimState      0000000180017630     Attitude_Control_System_of_Flying_Vehicle_sfun_registry.obj
 0004:0000063c       $pdata$mdlSetWorkWidths    000000018001763c     Attitude_Control_System_of_Flying_Vehicle_sfun_registry.obj
 0004:00000648       $pdata$mdlProcessParameters 0000000180017648     Attitude_Control_System_of_Flying_Vehicle_sfun_registry.obj
 0004:00000654       $pdata$mdl_start_processing 0000000180017654     Attitude_Control_System_of_Flying_Vehicle_sfun_registry.obj
 0004:00000660       $pdata$mdl_terminate_processing 0000000180017660     Attitude_Control_System_of_Flying_Vehicle_sfun_registry.obj
 0004:0000066c       $pdata$mdlStart            000000018001766c     Attitude_Control_System_of_Flying_Vehicle_sfun_registry.obj
 0004:00000678       $pdata$mdlTerminate        0000000180017678     Attitude_Control_System_of_Flying_Vehicle_sfun_registry.obj
 0004:00000684       $pdata$mdlInitializeSizes  0000000180017684     Attitude_Control_System_of_Flying_Vehicle_sfun_registry.obj
 0004:00000690       $pdata$mdlInitializeSampleTimes 0000000180017690     Attitude_Control_System_of_Flying_Vehicle_sfun_registry.obj
 0004:0000069c       $pdata$mdl_outputs_continuous_legacy 000000018001769c     Attitude_Control_System_of_Flying_Vehicle_sfun_registry.obj
 0004:000006a8       $pdata$mdl_outputs_processing 00000001800176a8     Attitude_Control_System_of_Flying_Vehicle_sfun_registry.obj
 0004:000006b4       $pdata$mdl_zeroCrossings_processing 00000001800176b4     Attitude_Control_System_of_Flying_Vehicle_sfun_registry.obj
 0004:000006c0       $pdata$mdlZeroCrossings    00000001800176c0     Attitude_Control_System_of_Flying_Vehicle_sfun_registry.obj
 0004:000006cc       $pdata$mdl_derivatives_processing 00000001800176cc     Attitude_Control_System_of_Flying_Vehicle_sfun_registry.obj
 0004:000006d8       $pdata$mdlDerivatives      00000001800176d8     Attitude_Control_System_of_Flying_Vehicle_sfun_registry.obj
 0004:000006e4       $pdata$mdl_initialize_conditions_processing 00000001800176e4     Attitude_Control_System_of_Flying_Vehicle_sfun_registry.obj
 0004:000006f0       $pdata$mdlInitializeConditions 00000001800176f0     Attitude_Control_System_of_Flying_Vehicle_sfun_registry.obj
 0004:000006fc       $pdata$mdl_ext_mode_exec_processing 00000001800176fc     Attitude_Control_System_of_Flying_Vehicle_sfun_registry.obj
 0004:00000708       $pdata$mdlExtModeExec      0000000180017708     Attitude_Control_System_of_Flying_Vehicle_sfun_registry.obj
 0004:00000714       $pdata$mdlRTW              0000000180017714     Attitude_Control_System_of_Flying_Vehicle_sfun_registry.obj
 0004:00000720       $pdata$mdl_enable_processing 0000000180017720     Attitude_Control_System_of_Flying_Vehicle_sfun_registry.obj
 0004:0000072c       $pdata$mdlEnable           000000018001772c     Attitude_Control_System_of_Flying_Vehicle_sfun_registry.obj
 0004:00000738       $pdata$mdl_disable_processing 0000000180017738     Attitude_Control_System_of_Flying_Vehicle_sfun_registry.obj
 0004:00000744       $pdata$mdlDisable          0000000180017744     Attitude_Control_System_of_Flying_Vehicle_sfun_registry.obj
 0004:00000750       $pdata$mdlOutputs          0000000180017750     Attitude_Control_System_of_Flying_Vehicle_sfun_registry.obj
 0004:0000075c       $pdata$mdl_update_processing 000000018001775c     Attitude_Control_System_of_Flying_Vehicle_sfun_registry.obj
 0004:00000768       $pdata$mdlUpdate           0000000180017768     Attitude_Control_System_of_Flying_Vehicle_sfun_registry.obj
 0004:00000774       $pdata$ProcessMexSfunctionEveryCall 0000000180017774     Attitude_Control_System_of_Flying_Vehicle_sfun_registry.obj
 0004:00000780       $pdata$_RegNumInputPortsCB 0000000180017780     Attitude_Control_System_of_Flying_Vehicle_sfun_registry.obj
 0004:0000078c       $pdata$_RegNumOutputPortsCB 000000018001778c     Attitude_Control_System_of_Flying_Vehicle_sfun_registry.obj
 0004:00000798       $pdata$_CreateSimStruct    0000000180017798     Attitude_Control_System_of_Flying_Vehicle_sfun_registry.obj
 0004:000007a4       $pdata$_ssFatalError       00000001800177a4     Attitude_Control_System_of_Flying_Vehicle_sfun_registry.obj
 0004:000007b0       $pdata$_ProcessMexSfunctionCmdLineCall 00000001800177b0     Attitude_Control_System_of_Flying_Vehicle_sfun_registry.obj
 0004:000007bc       $pdata$_vsnprintf_l        00000001800177bc     Attitude_Control_System_of_Flying_Vehicle_sfun_registry.obj
 0004:000007c8       $pdata$_vsprintf_l         00000001800177c8     Attitude_Control_System_of_Flying_Vehicle_sfun_registry.obj
 0004:000007d4       $pdata$sprintf             00000001800177d4     Attitude_Control_System_of_Flying_Vehicle_sfun_registry.obj
 0004:000007e0       $pdata$__raise_securityfailure 00000001800177e0     MSVCRT:gs_report.obj
 0004:000007ec       $pdata$__report_gsfailure  00000001800177ec     MSVCRT:gs_report.obj
 0004:000007f8       $pdata$__report_rangecheckfailure 00000001800177f8     MSVCRT:gs_report.obj
 0004:00000804       $pdata$__report_securityfailure 0000000180017804     MSVCRT:gs_report.obj
 0004:00000810       $pdata$__report_securityfailureEx 0000000180017810     MSVCRT:gs_report.obj
 0004:0000081c       $pdata$capture_current_context 000000018001781c     MSVCRT:gs_report.obj
 0004:00000828       $pdata$capture_previous_context 0000000180017828     MSVCRT:gs_report.obj
 0004:00000834       $pdata$__GSHandlerCheck    0000000180017834     MSVCRT:_gshandler_.obj
 0004:00000840       $pdata$__GSHandlerCheckCommon 0000000180017840     MSVCRT:_gshandler_.obj
 0004:00000858       $pdata$?dllmain_crt_dispatch@@YAHQEAUHINSTANCE__@@KQEAX@Z 0000000180017858     MSVCRT:dll_dllmain.obj
 0004:00000864       $pdata$?dllmain_crt_process_attach@@YAHQEAUHINSTANCE__@@QEAX@Z 0000000180017864     MSVCRT:dll_dllmain.obj
 0004:00000870       $pdata$?dllmain_crt_process_detach@@YAH_N@Z 0000000180017870     MSVCRT:dll_dllmain.obj
 0004:0000087c       $pdata$?dllmain_dispatch@@YAHQEAUHINSTANCE__@@KQEAX@Z 000000018001787c     MSVCRT:dll_dllmain.obj
 0004:00000888       $pdata$?dllmain_raw@@YAHQEAUHINSTANCE__@@KQEAX@Z 0000000180017888     MSVCRT:dll_dllmain.obj
 0004:00000894       $pdata$_DllMainCRTStartup  0000000180017894     MSVCRT:dll_dllmain.obj
 0004:000008a0       $pdata$__scrt_acquire_startup_lock 00000001800178a0     MSVCRT:utility.obj
 0004:000008ac       $pdata$__scrt_dllmain_after_initialize_c 00000001800178ac     MSVCRT:utility.obj
 0004:000008b8       $pdata$__scrt_dllmain_before_initialize_c 00000001800178b8     MSVCRT:utility.obj
 0004:000008c4       $pdata$__scrt_dllmain_crt_thread_attach 00000001800178c4     MSVCRT:utility.obj
 0004:000008d0       $pdata$__scrt_dllmain_crt_thread_detach 00000001800178d0     MSVCRT:utility.obj
 0004:000008dc       $pdata$__scrt_dllmain_exception_filter 00000001800178dc     MSVCRT:utility.obj
 0004:000008e8       $pdata$__scrt_dllmain_uninitialize_c 00000001800178e8     MSVCRT:utility.obj
 0004:000008f4       $pdata$__scrt_dllmain_uninitialize_critical 00000001800178f4     MSVCRT:utility.obj
 0004:00000900       $pdata$__scrt_initialize_crt 0000000180017900     MSVCRT:utility.obj
 0004:0000090c       $pdata$__scrt_initialize_onexit_tables 000000018001790c     MSVCRT:utility.obj
 0004:00000918       $pdata$__scrt_is_nonwritable_in_current_image 0000000180017918     MSVCRT:utility.obj
 0004:00000924       $pdata$__scrt_release_startup_lock 0000000180017924     MSVCRT:utility.obj
 0004:00000930       $pdata$__scrt_uninitialize_crt 0000000180017930     MSVCRT:utility.obj
 0004:0000093c       $pdata$_onexit             000000018001793c     MSVCRT:utility.obj
 0004:00000948       $pdata$atexit              0000000180017948     MSVCRT:utility.obj
 0004:00000954       $pdata$__security_init_cookie 0000000180017954     MSVCRT:gs_support.obj
 0004:00000960       $pdata$DllMain             0000000180017960     MSVCRT:dll_dllmain_stub.obj
 0004:0000096c       $pdata$__scrt_initialize_default_local_stdio_options 000000018001796c     MSVCRT:default_local_stdio_options.obj
 0004:00000978       $pdata$__scrt_fastfail     0000000180017978     MSVCRT:utility_desktop.obj
 0004:00000984       $pdata$__scrt_get_show_window_mode 0000000180017984     MSVCRT:utility_desktop.obj
 0004:00000990       $pdata$__scrt_is_managed_app 0000000180017990     MSVCRT:utility_desktop.obj
 0004:0000099c       $pdata$__scrt_unhandled_exception_filter 000000018001799c     MSVCRT:utility_desktop.obj
 0004:000009a8       $pdata$_RTC_Initialize     00000001800179a8     MSVCRT:_initsect_.obj
 0004:000009b4       $pdata$_RTC_Terminate      00000001800179b4     MSVCRT:_initsect_.obj
 0004:000009c0       $pdata$__isa_available_init 00000001800179c0     MSVCRT:_cpu_disp_.obj
 0004:000009d8       $pdata$?fin$0@?0??dllmain_crt_process_attach@@YAHQEAUHINSTANCE__@@QEAX@Z@4HA 00000001800179d8     MSVCRT:dll_dllmain.obj
 0004:000009e4       $pdata$?fin$0@?0??dllmain_crt_process_detach@@YAH_N@Z@4HA 00000001800179e4     MSVCRT:dll_dllmain.obj
 0004:000009f0       $pdata$?filt$0@?0??dllmain_dispatch@@YAHQEAUHINSTANCE__@@KQEAX@Z@4HA 00000001800179f0     MSVCRT:dll_dllmain.obj
 0004:000009fc       $pdata$__scrt_is_nonwritable_in_current_image$filt$0 00000001800179fc     MSVCRT:utility.obj
